Archive member included to satisfy reference by file (symbol)

c:/st/stm32cubeide_1.11.0/stm32cubeide/plugins/com.st.stm32cube.ide.mcu.externaltools.gnu-tools-for-stm32.10.3-2021.10.win32_1.0.100.202210260954/tools/bin/../lib/gcc/arm-none-eabi/10.3.1/../../../../arm-none-eabi/lib/thumb/v7-m/nofp\libc_nano.a(lib_a-errno.o)
                              ./Core/Src/syscalls.o (__errno)
c:/st/stm32cubeide_1.11.0/stm32cubeide/plugins/com.st.stm32cube.ide.mcu.externaltools.gnu-tools-for-stm32.10.3-2021.10.win32_1.0.100.202210260954/tools/bin/../lib/gcc/arm-none-eabi/10.3.1/../../../../arm-none-eabi/lib/thumb/v7-m/nofp\libc_nano.a(lib_a-exit.o)
                              c:/st/stm32cubeide_1.11.0/stm32cubeide/plugins/com.st.stm32cube.ide.mcu.externaltools.gnu-tools-for-stm32.10.3-2021.10.win32_1.0.100.202210260954/tools/bin/../lib/gcc/arm-none-eabi/10.3.1/../../../../arm-none-eabi/lib/thumb/v7-m/nofp/crt0.o (exit)
c:/st/stm32cubeide_1.11.0/stm32cubeide/plugins/com.st.stm32cube.ide.mcu.externaltools.gnu-tools-for-stm32.10.3-2021.10.win32_1.0.100.202210260954/tools/bin/../lib/gcc/arm-none-eabi/10.3.1/../../../../arm-none-eabi/lib/thumb/v7-m/nofp\libc_nano.a(lib_a-findfp.o)
                              ./Middlewares/Third_Party/FreeRTOS/Source/tasks.o (__sf_fake_stderr)
c:/st/stm32cubeide_1.11.0/stm32cubeide/plugins/com.st.stm32cube.ide.mcu.externaltools.gnu-tools-for-stm32.10.3-2021.10.win32_1.0.100.202210260954/tools/bin/../lib/gcc/arm-none-eabi/10.3.1/../../../../arm-none-eabi/lib/thumb/v7-m/nofp\libc_nano.a(lib_a-fwalk.o)
                              c:/st/stm32cubeide_1.11.0/stm32cubeide/plugins/com.st.stm32cube.ide.mcu.externaltools.gnu-tools-for-stm32.10.3-2021.10.win32_1.0.100.202210260954/tools/bin/../lib/gcc/arm-none-eabi/10.3.1/../../../../arm-none-eabi/lib/thumb/v7-m/nofp\libc_nano.a(lib_a-findfp.o) (_fwalk)
c:/st/stm32cubeide_1.11.0/stm32cubeide/plugins/com.st.stm32cube.ide.mcu.externaltools.gnu-tools-for-stm32.10.3-2021.10.win32_1.0.100.202210260954/tools/bin/../lib/gcc/arm-none-eabi/10.3.1/../../../../arm-none-eabi/lib/thumb/v7-m/nofp\libc_nano.a(lib_a-impure.o)
                              c:/st/stm32cubeide_1.11.0/stm32cubeide/plugins/com.st.stm32cube.ide.mcu.externaltools.gnu-tools-for-stm32.10.3-2021.10.win32_1.0.100.202210260954/tools/bin/../lib/gcc/arm-none-eabi/10.3.1/../../../../arm-none-eabi/lib/thumb/v7-m/nofp\libc_nano.a(lib_a-exit.o) (_global_impure_ptr)
c:/st/stm32cubeide_1.11.0/stm32cubeide/plugins/com.st.stm32cube.ide.mcu.externaltools.gnu-tools-for-stm32.10.3-2021.10.win32_1.0.100.202210260954/tools/bin/../lib/gcc/arm-none-eabi/10.3.1/../../../../arm-none-eabi/lib/thumb/v7-m/nofp\libc_nano.a(lib_a-init.o)
                              c:/st/stm32cubeide_1.11.0/stm32cubeide/plugins/com.st.stm32cube.ide.mcu.externaltools.gnu-tools-for-stm32.10.3-2021.10.win32_1.0.100.202210260954/tools/bin/../lib/gcc/arm-none-eabi/10.3.1/../../../../arm-none-eabi/lib/thumb/v7-m/nofp/crt0.o (__libc_init_array)
c:/st/stm32cubeide_1.11.0/stm32cubeide/plugins/com.st.stm32cube.ide.mcu.externaltools.gnu-tools-for-stm32.10.3-2021.10.win32_1.0.100.202210260954/tools/bin/../lib/gcc/arm-none-eabi/10.3.1/../../../../arm-none-eabi/lib/thumb/v7-m/nofp\libc_nano.a(lib_a-lock.o)
                              c:/st/stm32cubeide_1.11.0/stm32cubeide/plugins/com.st.stm32cube.ide.mcu.externaltools.gnu-tools-for-stm32.10.3-2021.10.win32_1.0.100.202210260954/tools/bin/../lib/gcc/arm-none-eabi/10.3.1/../../../../arm-none-eabi/lib/thumb/v7-m/nofp\libc_nano.a(lib_a-findfp.o) (__retarget_lock_init_recursive)
c:/st/stm32cubeide_1.11.0/stm32cubeide/plugins/com.st.stm32cube.ide.mcu.externaltools.gnu-tools-for-stm32.10.3-2021.10.win32_1.0.100.202210260954/tools/bin/../lib/gcc/arm-none-eabi/10.3.1/../../../../arm-none-eabi/lib/thumb/v7-m/nofp\libc_nano.a(lib_a-memcpy-stub.o)
                              ./Middlewares/Third_Party/FreeRTOS/Source/CMSIS_RTOS_V2/cmsis_os2.o (memcpy)
c:/st/stm32cubeide_1.11.0/stm32cubeide/plugins/com.st.stm32cube.ide.mcu.externaltools.gnu-tools-for-stm32.10.3-2021.10.win32_1.0.100.202210260954/tools/bin/../lib/gcc/arm-none-eabi/10.3.1/../../../../arm-none-eabi/lib/thumb/v7-m/nofp\libc_nano.a(lib_a-memset.o)
                              c:/st/stm32cubeide_1.11.0/stm32cubeide/plugins/com.st.stm32cube.ide.mcu.externaltools.gnu-tools-for-stm32.10.3-2021.10.win32_1.0.100.202210260954/tools/bin/../lib/gcc/arm-none-eabi/10.3.1/../../../../arm-none-eabi/lib/thumb/v7-m/nofp/crt0.o (memset)
c:/st/stm32cubeide_1.11.0/stm32cubeide/plugins/com.st.stm32cube.ide.mcu.externaltools.gnu-tools-for-stm32.10.3-2021.10.win32_1.0.100.202210260954/tools/bin/../lib/gcc/arm-none-eabi/10.3.1/../../../../arm-none-eabi/lib/thumb/v7-m/nofp\libc_nano.a(lib_a-nano-mallocr.o)
[...]
Memory Configuration

Name             Origin             Length             Attributes
RAM              0x0000000020000000 0x0000000000005000 xrw
FLASH            0x0000000008000000 0x0000000000010000 xr
*default*        0x0000000000000000 0xffffffffffffffff

Linker script and memory map

LOAD c:/st/stm32cubeide_1.11.0/stm32cubeide/plugins/com.st.stm32cube.ide.mcu.externaltools.gnu-tools-for-stm32.10.3-2021.10.win32_1.0.100.202210260954/tools/bin/../lib/gcc/arm-none-eabi/10.3.1/thumb/v7-m/nofp/crti.o
LOAD c:/st/stm32cubeide_1.11.0/stm32cubeide/plugins/com.st.stm32cube.ide.mcu.externaltools.gnu-tools-for-stm32.10.3-2021.10.win32_1.0.100.202210260954/tools/bin/../lib/gcc/arm-none-eabi/10.3.1/thumb/v7-m/nofp/crtbegin.o
LOAD c:/st/stm32cubeide_1.11.0/stm32cubeide/plugins/com.st.stm32cube.ide.mcu.externaltools.gnu-tools-for-stm32.10.3-2021.10.win32_1.0.100.202210260954/tools/bin/../lib/gcc/arm-none-eabi/10.3.1/../../../../arm-none-eabi/lib/thumb/v7-m/nofp/crt0.o
LOAD ./Core/Src/fonts.o
LOAD ./Core/Src/freertos.o
LOAD ./Core/Src/gpio.o
LOAD ./Core/Src/i2c.o
LOAD ./Core/Src/main.o
LOAD ./Core/Src/ssd1306.o
LOAD ./Core/Src/stm32f1xx_hal_msp.o
LOAD ./Core/Src/stm32f1xx_it.o
LOAD ./Core/Src/syscalls.o
LOAD ./Core/Src/sysmem.o
LOAD ./Core/Src/system_stm32f1xx.o
LOAD ./Core/Startup/startup_stm32f103c8tx.o
LOAD ./Drivers/STM32F1xx_HAL_Driver/Src/stm32f1xx_hal.o
LOAD ./Drivers/STM32F1xx_HAL_Driver/Src/stm32f1xx_hal_cortex.o
LOAD ./Drivers/STM32F1xx_HAL_Driver/Src/stm32f1xx_hal_dma.o
LOAD ./Drivers/STM32F1xx_HAL_Driver/Src/stm32f1xx_hal_exti.o
LOAD ./Drivers/STM32F1xx_HAL_Driver/Src/stm32f1xx_hal_flash.o
LOAD ./Drivers/STM32F1xx_HAL_Driver/Src/stm32f1xx_hal_flash_ex.o
LOAD ./Drivers/STM32F1xx_HAL_Driver/Src/stm32f1xx_hal_gpio.o
LOAD ./Drivers/STM32F1xx_HAL_Driver/Src/stm32f1xx_hal_gpio_ex.o
LOAD ./Drivers/STM32F1xx_HAL_Driver/Src/stm32f1xx_hal_i2c.o
LOAD ./Drivers/STM32F1xx_HAL_Driver/Src/stm32f1xx_hal_pwr.o
LOAD ./Drivers/STM32F1xx_HAL_Driver/Src/stm32f1xx_hal_rcc.o
LOAD ./Drivers/STM32F1xx_HAL_Driver/Src/stm32f1xx_hal_rcc_ex.o
LOAD ./Middlewares/Third_Party/FreeRTOS/Source/CMSIS_RTOS_V2/cmsis_os2.o
LOAD ./Middlewares/Third_Party/FreeRTOS/Source/croutine.o
LOAD ./Middlewares/Third_Party/FreeRTOS/Source/event_groups.o
LOAD ./Middlewares/Third_Party/FreeRTOS/Source/list.o
LOAD ./Middlewares/Third_Party/FreeRTOS/Source/queue.o
LOAD ./Middlewares/Third_Party/FreeRTOS/Source/stream_buffer.o
LOAD ./Middlewares/Third_Party/FreeRTOS/Source/tasks.o
LOAD ./Middlewares/Third_Party/FreeRTOS/Source/timers.o
LOAD ./Middlewares/Third_Party/FreeRTOS/Source/portable/GCC/ARM_CM3/port.o
LOAD ./Middlewares/Third_Party/FreeRTOS/Source/portable/MemMang/heap_4.o
START GROUP
LOAD c:/st/stm32cubeide_1.11.0/stm32cubeide/plugins/com.st.stm32cube.ide.mcu.externaltools.gnu-tools-for-stm32.10.3-2021.10.win32_1.0.100.202210260954/tools/bin/../lib/gcc/arm-none-eabi/10.3.1/../../../../arm-none-eabi/lib/thumb/v7-m/nofp\libc_nano.a
LOAD c:/st/stm32cubeide_1.11.0/stm32cubeide/plugins/com.st.stm32cube.ide.mcu.externaltools.gnu-tools-for-stm32.10.3-2021.10.win32_1.0.100.202210260954/tools/bin/../lib/gcc/arm-none-eabi/10.3.1/../../../../arm-none-eabi/lib/thumb/v7-m/nofp\libm.a
END GROUP
START GROUP
LOAD c:/st/stm32cubeide_1.11.0/stm32cubeide/plugins/com.st.stm32cube.ide.mcu.externaltools.gnu-tools-for-stm32.10.3-2021.10.win32_1.0.100.202210260954/tools/bin/../lib/gcc/arm-none-eabi/10.3.1/thumb/v7-m/nofp\libgcc.a
LOAD c:/st/stm32cubeide_1.11.0/stm32cubeide/plugins/com.st.stm32cube.ide.mcu.externaltools.gnu-tools-for-stm32.10.3-2021.10.win32_1.0.100.202210260954/tools/bin/../lib/gcc/arm-none-eabi/10.3.1/../../../../arm-none-eabi/lib/thumb/v7-m/nofp\libc_nano.a
END GROUP
START GROUP
LOAD c:/st/stm32cubeide_1.11.0/stm32cubeide/plugins/com.st.stm32cube.ide.mcu.externaltools.gnu-tools-for-stm32.10.3-2021.10.win32_1.0.100.202210260954/tools/bin/../lib/gcc/arm-none-eabi/10.3.1/thumb/v7-m/nofp\libgcc.a
LOAD c:/st/stm32cubeide_1.11.0/stm32cubeide/plugins/com.st.stm32cube.ide.mcu.externaltools.gnu-tools-for-stm32.10.3-2021.10.win32_1.0.100.202210260954/tools/bin/../lib/gcc/arm-none-eabi/10.3.1/../../../../arm-none-eabi/lib/thumb/v7-m/nofp\libc_nano.a
LOAD c:/st/stm32cubeide_1.11.0/stm32cubeide/plugins/com.st.stm32cube.ide.mcu.externaltools.gnu-tools-for-stm32.10.3-2021.10.win32_1.0.100.202210260954/tools/bin/../lib/gcc/arm-none-eabi/10.3.1/../../../../arm-none-eabi/lib/thumb/v7-m/nofp\libnosys.a
END GROUP
START GROUP
LOAD c:/st/stm32cubeide_1.11.0/stm32cubeide/plugins/com.st.stm32cube.ide.mcu.externaltools.gnu-tools-for-stm32.10.3-2021.10.win32_1.0.100.202210260954/tools/bin/../lib/gcc/arm-none-eabi/10.3.1/thumb/v7-m/nofp\libgcc.a
LOAD c:/st/stm32cubeide_1.11.0/stm32cubeide/plugins/com.st.stm32cube.ide.mcu.externaltools.gnu-tools-for-stm32.10.3-2021.10.win32_1.0.100.202210260954/tools/bin/../lib/gcc/arm-none-eabi/10.3.1/../../../../arm-none-eabi/lib/thumb/v7-m/nofp\libc_nano.a
LOAD c:/st/stm32cubeide_1.11.0/stm32cubeide/plugins/com.st.stm32cube.ide.mcu.externaltools.gnu-tools-for-stm32.10.3-2021.10.win32_1.0.100.202210260954/tools/bin/../lib/gcc/arm-none-eabi/10.3.1/../../../../arm-none-eabi/lib/thumb/v7-m/nofp\libnosys.a
END GROUP
LOAD c:/st/stm32cubeide_1.11.0/stm32cubeide/plugins/com.st.stm32cube.ide.mcu.externaltools.gnu-tools-for-stm32.10.3-2021.10.win32_1.0.100.202210260954/tools/bin/../lib/gcc/arm-none-eabi/10.3.1/thumb/v7-m/nofp/crtend.o
LOAD c:/st/stm32cubeide_1.11.0/stm32cubeide/plugins/com.st.stm32cube.ide.mcu.externaltools.gnu-tools-for-stm32.10.3-2021.10.win32_1.0.100.202210260954/tools/bin/../lib/gcc/arm-none-eabi/10.3.1/thumb/v7-m/nofp/crtn.o
                0x0000000020005000                _estack = (ORIGIN (RAM) + LENGTH (RAM))
                0x0000000000000200                _Min_Heap_Size = 0x200
                0x0000000000000400                _Min_Stack_Size = 0x400

.isr_vector     0x0000000008000000      0x10c
                0x0000000008000000                . = ALIGN (0x4)
 *(.isr_vector)
 .isr_vector    0x0000000008000000      0x10c ./Core/Startup/startup_stm32f103c8tx.o
                0x0000000008000000                g_pfnVectors
                0x000000000800010c                . = ALIGN (0x4)

.text           0x0000000008000110     0x56f0
                0x0000000008000110                . = ALIGN (0x4)
 *(.text)
 .text          0x0000000008000110       0x40 c:/st/stm32cubeide_1.11.0/stm32cubeide/plugins/com.st.stm32cube.ide.mcu.externaltools.gnu-tools-for-stm32.10.3-2021.10.win32_1.0.100.202210260954/tools/bin/../lib/gcc/arm-none-eabi/10.3.1/thumb/v7-m/nofp/crtbegin.o
 *(.text*)
 .text.MX_FREERTOS_Init
                0x0000000008000150       0x40 ./Core/Src/freertos.o
                0x0000000008000150                MX_FREERTOS_Init
 .text.StartDefaultTask
                0x0000000008000190       0x10 ./Core/Src/freertos.o
                0x0000000008000190                StartDefaultTask
 .text.Oled_Func
                0x00000000080001a0       0x40 ./Core/Src/freertos.o
                0x00000000080001a0                Oled_Func
 .text.MX_GPIO_Init
                0x00000000080001e0       0x44 ./Core/Src/gpio.o
                0x00000000080001e0                MX_GPIO_Init
 .text.MX_I2C1_Init
                0x0000000008000224       0x5c ./Core/Src/i2c.o
                0x0000000008000224                MX_I2C1_Init
 .text.HAL_I2C_MspInit
                0x0000000008000280       0x7c ./Core/Src/i2c.o
                0x0000000008000280                HAL_I2C_MspInit
 .text.main     0x00000000080002fc       0x2c ./Core/Src/main.o
                0x00000000080002fc                main
 .text.SystemClock_Config
                0x0000000008000328       0x8a ./Core/Src/main.o
                0x0000000008000328                SystemClock_Config
 .text.Error_Handler
                0x00000000080003b2        0xa ./Core/Src/main.o
                0x00000000080003b2                Error_Handler
 .text.SSD1306_Init
                0x00000000080003bc      0x188 ./Core/Src/ssd1306.o
                0x00000000080003bc                SSD1306_Init
 .text.SSD1306_UpdateScreen
                0x0000000008000544       0x5c ./Core/Src/ssd1306.o
                0x0000000008000544                SSD1306_UpdateScreen
 .text.SSD1306_Fill
                0x00000000080005a0       0x30 ./Core/Src/ssd1306.o
                0x00000000080005a0                SSD1306_Fill
 .text.SSD1306_DrawPixel
                0x00000000080005d0       0xbc ./Core/Src/ssd1306.o
                0x00000000080005d0                SSD1306_DrawPixel
 .text.SSD1306_GotoXY
                0x000000000800068c       0x2c ./Core/Src/ssd1306.o
                0x000000000800068c                SSD1306_GotoXY
 .text.SSD1306_Putc
                0x00000000080006b8      0x100 ./Core/Src/ssd1306.o
                0x00000000080006b8                SSD1306_Putc
 .text.SSD1306_Puts
                0x00000000080007b8       0x4a ./Core/Src/ssd1306.o
                0x00000000080007b8                SSD1306_Puts
 *fill*         0x0000000008000802        0x2 
 .text.ssd1306_I2C_Init
                0x0000000008000804       0x28 ./Core/Src/ssd1306.o
                0x0000000008000804                ssd1306_I2C_Init
 .text.ssd1306_I2C_WriteMulti
                0x000000000800082c       0xcc ./Core/Src/ssd1306.o
                0x000000000800082c                ssd1306_I2C_WriteMulti
 .text.ssd1306_I2C_Write
                0x00000000080008f8       0x3c ./Core/Src/ssd1306.o
                0x00000000080008f8                ssd1306_I2C_Write
 .text.HAL_MspInit
                0x0000000008000934       0x50 ./Core/Src/stm32f1xx_hal_msp.o
                0x0000000008000934                HAL_MspInit
 .text.NMI_Handler
                0x0000000008000984        0x6 ./Core/Src/stm32f1xx_it.o
                0x0000000008000984                NMI_Handler
 .text.HardFault_Handler
                0x000000000800098a        0x6 ./Core/Src/stm32f1xx_it.o
                0x000000000800098a                HardFault_Handler
 .text.MemManage_Handler
                0x0000000008000990        0x6 ./Core/Src/stm32f1xx_it.o
                0x0000000008000990                MemManage_Handler
 .text.BusFault_Handler
                0x0000000008000996        0x6 ./Core/Src/stm32f1xx_it.o
                0x0000000008000996                BusFault_Handler
 .text.UsageFault_Handler
                0x000000000800099c        0x6 ./Core/Src/stm32f1xx_it.o
                0x000000000800099c                UsageFault_Handler
 .text.DebugMon_Handler
                0x00000000080009a2        0xc ./Core/Src/stm32f1xx_it.o
                0x00000000080009a2                DebugMon_Handler
 .text.SysTick_Handler
                0x00000000080009ae       0x1a ./Core/Src/stm32f1xx_it.o
                0x00000000080009ae                SysTick_Handler
 .text._sbrk    0x00000000080009c8       0x6c ./Core/Src/sysmem.o
                0x00000000080009c8                _sbrk
 .text.SystemInit
                0x0000000008000a34        0xc ./Core/Src/system_stm32f1xx.o
                0x0000000008000a34                SystemInit
 .text.Reset_Handler
                0x0000000008000a40       0x48 ./Core/Startup/startup_stm32f103c8tx.o
                0x0000000008000a40                Reset_Handler
 .text.Default_Handler
                0x0000000008000a88        0x2 ./Core/Startup/startup_stm32f103c8tx.o
                0x0000000008000a88                RTC_Alarm_IRQHandler
                0x0000000008000a88                EXTI2_IRQHandler
                0x0000000008000a88                TIM1_CC_IRQHandler
                0x0000000008000a88                PVD_IRQHandler
                0x0000000008000a88                EXTI3_IRQHandler
                0x0000000008000a88                EXTI0_IRQHandler
                0x0000000008000a88                I2C2_EV_IRQHandler
                0x0000000008000a88                ADC1_2_IRQHandler
                0x0000000008000a88                SPI1_IRQHandler
                0x0000000008000a88                TAMPER_IRQHandler
                0x0000000008000a88                DMA1_Channel4_IRQHandler
                0x0000000008000a88                USART3_IRQHandler
                0x0000000008000a88                RTC_IRQHandler
                0x0000000008000a88                DMA1_Channel7_IRQHandler
                0x0000000008000a88                CAN1_RX1_IRQHandler
                0x0000000008000a88                TIM4_IRQHandler
                0x0000000008000a88                I2C1_EV_IRQHandler
                0x0000000008000a88                DMA1_Channel6_IRQHandler
                0x0000000008000a88                TIM3_IRQHandler
                0x0000000008000a88                RCC_IRQHandler
                0x0000000008000a88                TIM1_TRG_COM_IRQHandler
                0x0000000008000a88                DMA1_Channel1_IRQHandler
                0x0000000008000a88                Default_Handler
                0x0000000008000a88                EXTI15_10_IRQHandler
                0x0000000008000a88                EXTI9_5_IRQHandler
                0x0000000008000a88                SPI2_IRQHandler
                0x0000000008000a88                DMA1_Channel5_IRQHandler
                0x0000000008000a88                EXTI4_IRQHandler
                0x0000000008000a88                USB_LP_CAN1_RX0_IRQHandler
                0x0000000008000a88                USB_HP_CAN1_TX_IRQHandler
                0x0000000008000a88                DMA1_Channel3_IRQHandler
                0x0000000008000a88                TIM1_UP_IRQHandler
                0x0000000008000a88                WWDG_IRQHandler
                0x0000000008000a88                TIM2_IRQHandler
                0x0000000008000a88                TIM1_BRK_IRQHandler
                0x0000000008000a88                EXTI1_IRQHandler
                0x0000000008000a88                USART2_IRQHandler
                0x0000000008000a88                I2C2_ER_IRQHandler
                0x0000000008000a88                DMA1_Channel2_IRQHandler
                0x0000000008000a88                CAN1_SCE_IRQHandler
                0x0000000008000a88                FLASH_IRQHandler
                0x0000000008000a88                USART1_IRQHandler
                0x0000000008000a88                I2C1_ER_IRQHandler
                0x0000000008000a88                USBWakeUp_IRQHandler
 *fill*         0x0000000008000a8a        0x2 
 .text.HAL_Init
                0x0000000008000a8c       0x2c ./Drivers/STM32F1xx_HAL_Driver/Src/stm32f1xx_hal.o
                0x0000000008000a8c                HAL_Init
 .text.HAL_InitTick
                0x0000000008000ab8       0x60 ./Drivers/STM32F1xx_HAL_Driver/Src/stm32f1xx_hal.o
                0x0000000008000ab8                HAL_InitTick
 .text.HAL_IncTick
                0x0000000008000b18       0x24 ./Drivers/STM32F1xx_HAL_Driver/Src/stm32f1xx_hal.o
                0x0000000008000b18                HAL_IncTick
 .text.HAL_GetTick
                0x0000000008000b3c       0x14 ./Drivers/STM32F1xx_HAL_Driver/Src/stm32f1xx_hal.o
                0x0000000008000b3c                HAL_GetTick
 .text.__NVIC_SetPriorityGrouping
                0x0000000008000b50       0x48 ./Drivers/STM32F1xx_HAL_Driver/Src/stm32f1xx_hal_cortex.o
 .text.__NVIC_GetPriorityGrouping
                0x0000000008000b98       0x1c ./Drivers/STM32F1xx_HAL_Driver/Src/stm32f1xx_hal_cortex.o
 .text.__NVIC_SetPriority
                0x0000000008000bb4       0x54 ./Drivers/STM32F1xx_HAL_Driver/Src/stm32f1xx_hal_cortex.o
 .text.NVIC_EncodePriority
                0x0000000008000c08       0x64 ./Drivers/STM32F1xx_HAL_Driver/Src/stm32f1xx_hal_cortex.o
 .text.SysTick_Config
                0x0000000008000c6c       0x44 ./Drivers/STM32F1xx_HAL_Driver/Src/stm32f1xx_hal_cortex.o
 .text.HAL_NVIC_SetPriorityGrouping
                0x0000000008000cb0       0x16 ./Drivers/STM32F1xx_HAL_Driver/Src/stm32f1xx_hal_cortex.o
                0x0000000008000cb0                HAL_NVIC_SetPriorityGrouping
 .text.HAL_NVIC_SetPriority
                0x0000000008000cc6       0x38 ./Drivers/STM32F1xx_HAL_Driver/Src/stm32f1xx_hal_cortex.o
                0x0000000008000cc6                HAL_NVIC_SetPriority
 .text.HAL_SYSTICK_Config
                0x0000000008000cfe       0x18 ./Drivers/STM32F1xx_HAL_Driver/Src/stm32f1xx_hal_cortex.o
                0x0000000008000cfe                HAL_SYSTICK_Config
 *fill*         0x0000000008000d16        0x2 
 .text.HAL_GPIO_Init
                0x0000000008000d18      0x308 ./Drivers/STM32F1xx_HAL_Driver/Src/stm32f1xx_hal_gpio.o
                0x0000000008000d18                HAL_GPIO_Init
 .text.HAL_I2C_Init
                0x0000000008001020      0x288 ./Drivers/STM32F1xx_HAL_Driver/Src/stm32f1xx_hal_i2c.o
                0x0000000008001020                HAL_I2C_Init
 .text.HAL_I2C_Master_Transmit
                0x00000000080012a8      0x1fc ./Drivers/STM32F1xx_HAL_Driver/Src/stm32f1xx_hal_i2c.o
                0x00000000080012a8                HAL_I2C_Master_Transmit
 .text.HAL_I2C_IsDeviceReady
                0x00000000080014a4      0x25c ./Drivers/STM32F1xx_HAL_Driver/Src/stm32f1xx_hal_i2c.o
                0x00000000080014a4                HAL_I2C_IsDeviceReady
 .text.I2C_MasterRequestWrite
                0x0000000008001700      0x104 ./Drivers/STM32F1xx_HAL_Driver/Src/stm32f1xx_hal_i2c.o
 .text.I2C_WaitOnFlagUntilTimeout
                0x0000000008001804       0xf4 ./Drivers/STM32F1xx_HAL_Driver/Src/stm32f1xx_hal_i2c.o
 .text.I2C_WaitOnMasterAddressFlagUntilTimeout
                0x00000000080018f8      0x140 ./Drivers/STM32F1xx_HAL_Driver/Src/stm32f1xx_hal_i2c.o
 .text.I2C_WaitOnTXEFlagUntilTimeout
                0x0000000008001a38       0x90 ./Drivers/STM32F1xx_HAL_Driver/Src/stm32f1xx_hal_i2c.o
 .text.I2C_WaitOnBTFFlagUntilTimeout
                0x0000000008001ac8       0x90 ./Drivers/STM32F1xx_HAL_Driver/Src/stm32f1xx_hal_i2c.o
 .text.I2C_IsAcknowledgeFailed
                0x0000000008001b58       0x5c ./Drivers/STM32F1xx_HAL_Driver/Src/stm32f1xx_hal_i2c.o
 .text.HAL_RCC_OscConfig
                0x0000000008001bb4      0x504 ./Drivers/STM32F1xx_HAL_Driver/Src/stm32f1xx_hal_rcc.o
                0x0000000008001bb4                HAL_RCC_OscConfig
 .text.HAL_RCC_ClockConfig
                0x00000000080020b8      0x1d4 ./Drivers/STM32F1xx_HAL_Driver/Src/stm32f1xx_hal_rcc.o
                0x00000000080020b8                HAL_RCC_ClockConfig
 .text.HAL_RCC_GetSysClockFreq
                0x000000000800228c       0xa8 ./Drivers/STM32F1xx_HAL_Driver/Src/stm32f1xx_hal_rcc.o
                0x000000000800228c                HAL_RCC_GetSysClockFreq
 .text.HAL_RCC_GetHCLKFreq
                0x0000000008002334       0x14 ./Drivers/STM32F1xx_HAL_Driver/Src/stm32f1xx_hal_rcc.o
                0x0000000008002334                HAL_RCC_GetHCLKFreq
 .text.HAL_RCC_GetPCLK1Freq
                0x0000000008002348       0x28 ./Drivers/STM32F1xx_HAL_Driver/Src/stm32f1xx_hal_rcc.o
                0x0000000008002348                HAL_RCC_GetPCLK1Freq
 .text.RCC_Delay
                0x0000000008002370       0x3c ./Drivers/STM32F1xx_HAL_Driver/Src/stm32f1xx_hal_rcc.o
 .text.osKernelInitialize
                0x00000000080023ac       0x64 ./Middlewares/Third_Party/FreeRTOS/Source/CMSIS_RTOS_V2/cmsis_os2.o
                0x00000000080023ac                osKernelInitialize
 .text.osKernelStart
                0x0000000008002410       0x68 ./Middlewares/Third_Party/FreeRTOS/Source/CMSIS_RTOS_V2/cmsis_os2.o
                0x0000000008002410                osKernelStart
 .text.osThreadNew
                0x0000000008002478      0x154 ./Middlewares/Third_Party/FreeRTOS/Source/CMSIS_RTOS_V2/cmsis_os2.o
                0x0000000008002478                osThreadNew
 .text.osDelay  0x00000000080025cc       0x5c ./Middlewares/Third_Party/FreeRTOS/Source/CMSIS_RTOS_V2/cmsis_os2.o
                0x00000000080025cc                osDelay
 .text.vApplicationGetIdleTaskMemory
                0x0000000008002628       0x30 ./Middlewares/Third_Party/FreeRTOS/Source/CMSIS_RTOS_V2/cmsis_os2.o
                0x0000000008002628                vApplicationGetIdleTaskMemory
 .text.vApplicationGetTimerTaskMemory
                0x0000000008002658       0x34 ./Middlewares/Third_Party/FreeRTOS/Source/CMSIS_RTOS_V2/cmsis_os2.o
                0x0000000008002658                vApplicationGetTimerTaskMemory
 .text.vListInitialise
                0x000000000800268c       0x3e ./Middlewares/Third_Party/FreeRTOS/Source/list.o
                0x000000000800268c                vListInitialise
 .text.vListInitialiseItem
                0x00000000080026ca       0x18 ./Middlewares/Third_Party/FreeRTOS/Source/list.o
                0x00000000080026ca                vListInitialiseItem
 .text.vListInsertEnd
                0x00000000080026e2       0x46 ./Middlewares/Third_Party/FreeRTOS/Source/list.o
                0x00000000080026e2                vListInsertEnd
 .text.vListInsert
                0x0000000008002728       0x70 ./Middlewares/Third_Party/FreeRTOS/Source/list.o
                0x0000000008002728                vListInsert
 .text.uxListRemove
                0x0000000008002798       0x52 ./Middlewares/Third_Party/FreeRTOS/Source/list.o
                0x0000000008002798                uxListRemove
 *fill*         0x00000000080027ea        0x2 
 .text.xQueueGenericReset
                0x00000000080027ec       0xd0 ./Middlewares/Third_Party/FreeRTOS/Source/queue.o
                0x00000000080027ec                xQueueGenericReset
 .text.xQueueGenericCreateStatic
                0x00000000080028bc       0xee ./Middlewares/Third_Party/FreeRTOS/Source/queue.o
                0x00000000080028bc                xQueueGenericCreateStatic
 .text.prvInitialiseNewQueue
                0x00000000080029aa       0x46 ./Middlewares/Third_Party/FreeRTOS/Source/queue.o
 .text.xQueueGenericSend
                0x00000000080029f0      0x1fc ./Middlewares/Third_Party/FreeRTOS/Source/queue.o
                0x00000000080029f0                xQueueGenericSend
 .text.xQueueGenericSendFromISR
                0x0000000008002bec      0x130 ./Middlewares/Third_Party/FreeRTOS/Source/queue.o
                0x0000000008002bec                xQueueGenericSendFromISR
 .text.xQueueReceive
                0x0000000008002d1c      0x1c0 ./Middlewares/Third_Party/FreeRTOS/Source/queue.o
                0x0000000008002d1c                xQueueReceive
 .text.prvCopyDataToQueue
                0x0000000008002edc       0xd4 ./Middlewares/Third_Party/FreeRTOS/Source/queue.o
 .text.prvCopyDataFromQueue
                0x0000000008002fb0       0x4c ./Middlewares/Third_Party/FreeRTOS/Source/queue.o
 .text.prvUnlockQueue
                0x0000000008002ffc       0xa4 ./Middlewares/Third_Party/FreeRTOS/Source/queue.o
 .text.prvIsQueueEmpty
                0x00000000080030a0       0x2c ./Middlewares/Third_Party/FreeRTOS/Source/queue.o
 .text.prvIsQueueFull
                0x00000000080030cc       0x30 ./Middlewares/Third_Party/FreeRTOS/Source/queue.o
 .text.vQueueAddToRegistry
                0x00000000080030fc       0x50 ./Middlewares/Third_Party/FreeRTOS/Source/queue.o
                0x00000000080030fc                vQueueAddToRegistry
 .text.vQueueWaitForMessageRestricted
                0x000000000800314c       0x68 ./Middlewares/Third_Party/FreeRTOS/Source/queue.o
                0x000000000800314c                vQueueWaitForMessageRestricted
 .text.xTaskCreateStatic
                0x00000000080031b4       0xb8 ./Middlewares/Third_Party/FreeRTOS/Source/tasks.o
                0x00000000080031b4                xTaskCreateStatic
 .text.xTaskCreate
                0x000000000800326c       0x8a ./Middlewares/Third_Party/FreeRTOS/Source/tasks.o
                0x000000000800326c                xTaskCreate
 *fill*         0x00000000080032f6        0x2 
 .text.prvInitialiseNewTask
                0x00000000080032f8      0x13c ./Middlewares/Third_Party/FreeRTOS/Source/tasks.o
 .text.prvAddNewTaskToReadyList
                0x0000000008003434       0xe0 ./Middlewares/Third_Party/FreeRTOS/Source/tasks.o
 .text.vTaskDelay
                0x0000000008003514       0x68 ./Middlewares/Third_Party/FreeRTOS/Source/tasks.o
                0x0000000008003514                vTaskDelay
 .text.vTaskStartScheduler
                0x000000000800357c       0xe0 ./Middlewares/Third_Party/FreeRTOS/Source/tasks.o
                0x000000000800357c                vTaskStartScheduler
 .text.vTaskSuspendAll
                0x000000000800365c       0x1c ./Middlewares/Third_Party/FreeRTOS/Source/tasks.o
                0x000000000800365c                vTaskSuspendAll
 .text.xTaskResumeAll
                0x0000000008003678      0x13c ./Middlewares/Third_Party/FreeRTOS/Source/tasks.o
                0x0000000008003678                xTaskResumeAll
 .text.xTaskGetTickCount
                0x00000000080037b4       0x1c ./Middlewares/Third_Party/FreeRTOS/Source/tasks.o
                0x00000000080037b4                xTaskGetTickCount
 .text.xTaskIncrementTick
                0x00000000080037d0      0x17c ./Middlewares/Third_Party/FreeRTOS/Source/tasks.o
                0x00000000080037d0                xTaskIncrementTick
 .text.vTaskSwitchContext
                0x000000000800394c       0xc8 ./Middlewares/Third_Party/FreeRTOS/Source/tasks.o
                0x000000000800394c                vTaskSwitchContext
 .text.vTaskPlaceOnEventList
                0x0000000008003a14       0x48 ./Middlewares/Third_Party/FreeRTOS/Source/tasks.o
                0x0000000008003a14                vTaskPlaceOnEventList
 .text.vTaskPlaceOnEventListRestricted
                0x0000000008003a5c       0x58 ./Middlewares/Third_Party/FreeRTOS/Source/tasks.o
                0x0000000008003a5c                vTaskPlaceOnEventListRestricted
 .text.xTaskRemoveFromEventList
                0x0000000008003ab4       0xc8 ./Middlewares/Third_Party/FreeRTOS/Source/tasks.o
                0x0000000008003ab4                xTaskRemoveFromEventList
 .text.vTaskInternalSetTimeOutState
                0x0000000008003b7c       0x2c ./Middlewares/Third_Party/FreeRTOS/Source/tasks.o
                0x0000000008003b7c                vTaskInternalSetTimeOutState
 .text.xTaskCheckForTimeOut
                0x0000000008003ba8       0xc4 ./Middlewares/Third_Party/FreeRTOS/Source/tasks.o
                0x0000000008003ba8                xTaskCheckForTimeOut
 .text.vTaskMissedYield
                0x0000000008003c6c       0x18 ./Middlewares/Third_Party/FreeRTOS/Source/tasks.o
                0x0000000008003c6c                vTaskMissedYield
 .text.prvIdleTask
                0x0000000008003c84       0x30 ./Middlewares/Third_Party/FreeRTOS/Source/tasks.o
 .text.prvInitialiseTaskLists
                0x0000000008003cb4       0x80 ./Middlewares/Third_Party/FreeRTOS/Source/tasks.o
 .text.prvCheckTasksWaitingTermination
                0x0000000008003d34       0x5c ./Middlewares/Third_Party/FreeRTOS/Source/tasks.o
 .text.prvDeleteTCB
                0x0000000008003d90       0x68 ./Middlewares/Third_Party/FreeRTOS/Source/tasks.o
 .text.prvResetNextTaskUnblockTime
                0x0000000008003df8       0x48 ./Middlewares/Third_Party/FreeRTOS/Source/tasks.o
 .text.xTaskGetSchedulerState
                0x0000000008003e40       0x3c ./Middlewares/Third_Party/FreeRTOS/Source/tasks.o
                0x0000000008003e40                xTaskGetSchedulerState
 .text.xTaskPriorityDisinherit
                0x0000000008003e7c       0xdc ./Middlewares/Third_Party/FreeRTOS/Source/tasks.o
                0x0000000008003e7c                xTaskPriorityDisinherit
 .text.prvAddCurrentTaskToDelayedList
                0x0000000008003f58       0xa8 ./Middlewares/Third_Party/FreeRTOS/Source/tasks.o
 .text.xTimerCreateTimerTask
                0x0000000008004000       0x90 ./Middlewares/Third_Party/FreeRTOS/Source/timers.o
                0x0000000008004000                xTimerCreateTimerTask
 .text.xTimerGenericCommand
                0x0000000008004090       0x9c ./Middlewares/Third_Party/FreeRTOS/Source/timers.o
                0x0000000008004090                xTimerGenericCommand
 .text.prvProcessExpiredTimer
                0x000000000800412c       0x80 ./Middlewares/Third_Party/FreeRTOS/Source/timers.o
 .text.prvTimerTask
                0x00000000080041ac       0x24 ./Middlewares/Third_Party/FreeRTOS/Source/timers.o
 .text.prvProcessTimerOrBlockTask
                0x00000000080041d0       0x9c ./Middlewares/Third_Party/FreeRTOS/Source/timers.o
 .text.prvGetNextExpireTime
                0x000000000800426c       0x48 ./Middlewares/Third_Party/FreeRTOS/Source/timers.o
 .text.prvSampleTimeNow
                0x00000000080042b4       0x40 ./Middlewares/Third_Party/FreeRTOS/Source/timers.o
 .text.prvInsertTimerInActiveList
                0x00000000080042f4       0x84 ./Middlewares/Third_Party/FreeRTOS/Source/timers.o
 .text.prvProcessReceivedCommands
                0x0000000008004378      0x168 ./Middlewares/Third_Party/FreeRTOS/Source/timers.o
 .text.prvSwitchTimerLists
                0x00000000080044e0       0xc4 ./Middlewares/Third_Party/FreeRTOS/Source/timers.o
 .text.prvCheckForValidListAndQueue
                0x00000000080045a4       0x80 ./Middlewares/Third_Party/FreeRTOS/Source/timers.o
 .text.pxPortInitialiseStack
                0x0000000008004624       0x58 ./Middlewares/Third_Party/FreeRTOS/Source/portable/GCC/ARM_CM3/port.o
                0x0000000008004624                pxPortInitialiseStack
 .text.prvTaskExitError
                0x000000000800467c       0x58 ./Middlewares/Third_Party/FreeRTOS/Source/portable/GCC/ARM_CM3/port.o
 *fill*         0x00000000080046d4        0xc 
 .text.SVC_Handler
                0x00000000080046e0       0x28 ./Middlewares/Third_Party/FreeRTOS/Source/portable/GCC/ARM_CM3/port.o
                0x00000000080046e0                SVC_Handler
 .text.prvPortStartFirstTask
                0x0000000008004708       0x20 ./Middlewares/Third_Party/FreeRTOS/Source/portable/GCC/ARM_CM3/port.o
 .text.xPortStartScheduler
                0x0000000008004728       0xe4 ./Middlewares/Third_Party/FreeRTOS/Source/portable/GCC/ARM_CM3/port.o
                0x0000000008004728                xPortStartScheduler
 .text.vPortEnterCritical
                0x000000000800480c       0x60 ./Middlewares/Third_Party/FreeRTOS/Source/portable/GCC/ARM_CM3/port.o
                0x000000000800480c                vPortEnterCritical
 .text.vPortExitCritical
                0x000000000800486c       0x50 ./Middlewares/Third_Party/FreeRTOS/Source/portable/GCC/ARM_CM3/port.o
                0x000000000800486c                vPortExitCritical
 *fill*         0x00000000080048bc        0x4 
 .text.PendSV_Handler
                0x00000000080048c0       0x48 ./Middlewares/Third_Party/FreeRTOS/Source/portable/GCC/ARM_CM3/port.o
                0x00000000080048c0                PendSV_Handler
 .text.xPortSysTickHandler
                0x0000000008004908       0x44 ./Middlewares/Third_Party/FreeRTOS/Source/portable/GCC/ARM_CM3/port.o
                0x0000000008004908                xPortSysTickHandler
 .text.vPortSetupTimerInterrupt
                0x000000000800494c       0x44 ./Middlewares/Third_Party/FreeRTOS/Source/portable/GCC/ARM_CM3/port.o
                0x000000000800494c                vPortSetupTimerInterrupt
 .text.vPortValidateInterruptPriority
                0x0000000008004990       0x7c ./Middlewares/Third_Party/FreeRTOS/Source/portable/GCC/ARM_CM3/port.o
                0x0000000008004990                vPortValidateInterruptPriority
 .text.pvPortMalloc
                0x0000000008004a0c      0x188 ./Middlewares/Third_Party/FreeRTOS/Source/portable/MemMang/heap_4.o
                0x0000000008004a0c                pvPortMalloc
 .text.vPortFree
                0x0000000008004b94       0xb4 ./Middlewares/Third_Party/FreeRTOS/Source/portable/MemMang/heap_4.o
                0x0000000008004b94                vPortFree
 .text.prvHeapInit
                0x0000000008004c48       0xc4 ./Middlewares/Third_Party/FreeRTOS/Source/portable/MemMang/heap_4.o
 .text.prvInsertBlockIntoFreeList
                0x0000000008004d0c       0xb0 ./Middlewares/Third_Party/FreeRTOS/Source/portable/MemMang/heap_4.o
 .text.__errno  0x0000000008004dbc        0xc c:/st/stm32cubeide_1.11.0/stm32cubeide/plugins/com.st.stm32cube.ide.mcu.externaltools.gnu-tools-for-stm32.10.3-2021.10.win32_1.0.100.202210260954/tools/bin/../lib/gcc/arm-none-eabi/10.3.1/../../../../arm-none-eabi/lib/thumb/v7-m/nofp\libc_nano.a(lib_a-errno.o)
                0x0000000008004dbc                __errno
 .text.__libc_init_array
                0x0000000008004dc8       0x48 c:/st/stm32cubeide_1.11.0/stm32cubeide/plugins/com.st.stm32cube.ide.mcu.externaltools.gnu-tools-for-stm32.10.3-2021.10.win32_1.0.100.202210260954/tools/bin/../lib/gcc/arm-none-eabi/10.3.1/../../../../arm-none-eabi/lib/thumb/v7-m/nofp\libc_nano.a(lib_a-init.o)
                0x0000000008004dc8                __libc_init_array
 .text.__retarget_lock_acquire_recursive
                0x0000000008004e10        0x2 c:/st/stm32cubeide_1.11.0/stm32cubeide/plugins/com.st.stm32cube.ide.mcu.externaltools.gnu-tools-for-stm32.10.3-2021.10.win32_1.0.100.202210260954/tools/bin/../lib/gcc/arm-none-eabi/10.3.1/../../../../arm-none-eabi/lib/thumb/v7-m/nofp\libc_nano.a(lib_a-lock.o)
                0x0000000008004e10                __retarget_lock_acquire_recursive
 .text.__retarget_lock_release_recursive
                0x0000000008004e12        0x2 c:/st/stm32cubeide_1.11.0/stm32cubeide/plugins/com.st.stm32cube.ide.mcu.externaltools.gnu-tools-for-stm32.10.3-2021.10.win32_1.0.100.202210260954/tools/bin/../lib/gcc/arm-none-eabi/10.3.1/../../../../arm-none-eabi/lib/thumb/v7-m/nofp\libc_nano.a(lib_a-lock.o)
                0x0000000008004e12                __retarget_lock_release_recursive
 .text.memcpy   0x0000000008004e14       0x1c c:/st/stm32cubeide_1.11.0/stm32cubeide/plugins/com.st.stm32cube.ide.mcu.externaltools.gnu-tools-for-stm32.10.3-2021.10.win32_1.0.100.202210260954/tools/bin/../lib/gcc/arm-none-eabi/10.3.1/../../../../arm-none-eabi/lib/thumb/v7-m/nofp\libc_nano.a(lib_a-memcpy-stub.o)
                0x0000000008004e14                memcpy
 .text.memset   0x0000000008004e30       0x10 c:/st/stm32cubeide_1.11.0/stm32cubeide/plugins/com.st.stm32cube.ide.mcu.externaltools.gnu-tools-for-stm32.10.3-2021.10.win32_1.0.100.202210260954/tools/bin/../lib/gcc/arm-none-eabi/10.3.1/../../../../arm-none-eabi/lib/thumb/v7-m/nofp\libc_nano.a(lib_a-memset.o)
                0x0000000008004e30                memset
 .text.sbrk_aligned
                0x0000000008004e40       0x40 c:/st/stm32cubeide_1.11.0/stm32cubeide/plugins/com.st.stm32cube.ide.mcu.externaltools.gnu-tools-for-stm32.10.3-2021.10.win32_1.0.100.202210260954/tools/bin/../lib/gcc/arm-none-eabi/10.3.1/../../../../arm-none-eabi/lib/thumb/v7-m/nofp\libc_nano.a(lib_a-nano-mallocr.o)
 .text._malloc_r
                0x0000000008004e80       0xe8 c:/st/stm32cubeide_1.11.0/stm32cubeide/plugins/com.st.stm32cube.ide.mcu.externaltools.gnu-tools-for-stm32.10.3-2021.10.win32_1.0.100.202210260954/tools/bin/../lib/gcc/arm-none-eabi/10.3.1/../../../../arm-none-eabi/lib/thumb/v7-m/nofp\libc_nano.a(lib_a-nano-mallocr.o)
                0x0000000008004e80                _malloc_r
 .text.cleanup_glue
                0x0000000008004f68       0x1a c:/st/stm32cubeide_1.11.0/stm32cubeide/plugins/com.st.stm32cube.ide.mcu.externaltools.gnu-tools-for-stm32.10.3-2021.10.win32_1.0.100.202210260954/tools/bin/../lib/gcc/arm-none-eabi/10.3.1/../../../../arm-none-eabi/lib/thumb/v7-m/nofp\libc_nano.a(lib_a-reent.o)
                0x0000000008004f68                cleanup_glue
 *fill*         0x0000000008004f82        0x2 
 .text._reclaim_reent
                0x0000000008004f84       0xb8 c:/st/stm32cubeide_1.11.0/stm32cubeide/plugins/com.st.stm32cube.ide.mcu.externaltools.gnu-tools-for-stm32.10.3-2021.10.win32_1.0.100.202210260954/tools/bin/../lib/gcc/arm-none-eabi/10.3.1/../../../../arm-none-eabi/lib/thumb/v7-m/nofp\libc_nano.a(lib_a-reent.o)
                0x0000000008004f84                _reclaim_reent
 .text._sbrk_r  0x000000000800503c       0x20 c:/st/stm32cubeide_1.11.0/stm32cubeide/plugins/com.st.stm32cube.ide.mcu.externaltools.gnu-tools-for-stm32.10.3-2021.10.win32_1.0.100.202210260954/tools/bin/../lib/gcc/arm-none-eabi/10.3.1/../../../../arm-none-eabi/lib/thumb/v7-m/nofp\libc_nano.a(lib_a-sbrkr.o)
                0x000000000800503c                _sbrk_r
 .text.sprintf  0x000000000800505c       0x40 c:/st/stm32cubeide_1.11.0/stm32cubeide/plugins/com.st.stm32cube.ide.mcu.externaltools.gnu-tools-for-stm32.10.3-2021.10.win32_1.0.100.202210260954/tools/bin/../lib/gcc/arm-none-eabi/10.3.1/../../../../arm-none-eabi/lib/thumb/v7-m/nofp\libc_nano.a(lib_a-sprintf.o)
                0x000000000800505c                siprintf
                0x000000000800505c                sprintf
 .text.__malloc_lock
                0x000000000800509c        0xc c:/st/stm32cubeide_1.11.0/stm32cubeide/plugins/com.st.stm32cube.ide.mcu.externaltools.gnu-tools-for-stm32.10.3-2021.10.win32_1.0.100.202210260954/tools/bin/../lib/gcc/arm-none-eabi/10.3.1/../../../../arm-none-eabi/lib/thumb/v7-m/nofp\libc_nano.a(lib_a-mlock.o)
                0x000000000800509c                __malloc_lock
 .text.__malloc_unlock
                0x00000000080050a8        0xc c:/st/stm32cubeide_1.11.0/stm32cubeide/plugins/com.st.stm32cube.ide.mcu.externaltools.gnu-tools-for-stm32.10.3-2021.10.win32_1.0.100.202210260954/tools/bin/../lib/gcc/arm-none-eabi/10.3.1/../../../../arm-none-eabi/lib/thumb/v7-m/nofp\libc_nano.a(lib_a-mlock.o)
                0x00000000080050a8                __malloc_unlock
 .text._free_r  0x00000000080050b4       0x90 c:/st/stm32cubeide_1.11.0/stm32cubeide/plugins/com.st.stm32cube.ide.mcu.externaltools.gnu-tools-for-stm32.10.3-2021.10.win32_1.0.100.202210260954/tools/bin/../lib/gcc/arm-none-eabi/10.3.1/../../../../arm-none-eabi/lib/thumb/v7-m/nofp\libc_nano.a(lib_a-nano-freer.o)
                0x00000000080050b4                _free_r
 .text.__ssputs_r
                0x0000000008005144       0xb6 c:/st/stm32cubeide_1.11.0/stm32cubeide/plugins/com.st.stm32cube.ide.mcu.externaltools.gnu-tools-for-stm32.10.3-2021.10.win32_1.0.100.202210260954/tools/bin/../lib/gcc/arm-none-eabi/10.3.1/../../../../arm-none-eabi/lib/thumb/v7-m/nofp\libc_nano.a(lib_a-nano-svfprintf.o)
                0x0000000008005144                __ssputs_r
 *fill*         0x00000000080051fa        0x2 
 .text._svfprintf_r
                0x00000000080051fc      0x200 c:/st/stm32cubeide_1.11.0/stm32cubeide/plugins/com.st.stm32cube.ide.mcu.externaltools.gnu-tools-for-stm32.10.3-2021.10.win32_1.0.100.202210260954/tools/bin/../lib/gcc/arm-none-eabi/10.3.1/../../../../arm-none-eabi/lib/thumb/v7-m/nofp\libc_nano.a(lib_a-nano-svfprintf.o)
                0x00000000080051fc                _svfiprintf_r
                0x00000000080051fc                _svfprintf_r
 .text._printf_common
                0x00000000080053fc       0xde c:/st/stm32cubeide_1.11.0/stm32cubeide/plugins/com.st.stm32cube.ide.mcu.externaltools.gnu-tools-for-stm32.10.3-2021.10.win32_1.0.100.202210260954/tools/bin/../lib/gcc/arm-none-eabi/10.3.1/../../../../arm-none-eabi/lib/thumb/v7-m/nofp\libc_nano.a(lib_a-nano-vfprintf_i.o)
                0x00000000080053fc                _printf_common
 *fill*         0x00000000080054da        0x2 
 .text._printf_i
                0x00000000080054dc      0x24c c:/st/stm32cubeide_1.11.0/stm32cubeide/plugins/com.st.stm32cube.ide.mcu.externaltools.gnu-tools-for-stm32.10.3-2021.10.win32_1.0.100.202210260954/tools/bin/../lib/gcc/arm-none-eabi/10.3.1/../../../../arm-none-eabi/lib/thumb/v7-m/nofp\libc_nano.a(lib_a-nano-vfprintf_i.o)
                0x00000000080054dc                _printf_i
 .text.memchr   0x0000000008005728       0x1c c:/st/stm32cubeide_1.11.0/stm32cubeide/plugins/com.st.stm32cube.ide.mcu.externaltools.gnu-tools-for-stm32.10.3-2021.10.win32_1.0.100.202210260954/tools/bin/../lib/gcc/arm-none-eabi/10.3.1/../../../../arm-none-eabi/lib/thumb/v7-m/nofp\libc_nano.a(lib_a-memchr-stub.o)
                0x0000000008005728                memchr
 .text.memmove  0x0000000008005744       0x34 c:/st/stm32cubeide_1.11.0/stm32cubeide/plugins/com.st.stm32cube.ide.mcu.externaltools.gnu-tools-for-stm32.10.3-2021.10.win32_1.0.100.202210260954/tools/bin/../lib/gcc/arm-none-eabi/10.3.1/../../../../arm-none-eabi/lib/thumb/v7-m/nofp\libc_nano.a(lib_a-memmove.o)
                0x0000000008005744                memmove
 .text._realloc_r
                0x0000000008005778       0x5e c:/st/stm32cubeide_1.11.0/stm32cubeide/plugins/com.st.stm32cube.ide.mcu.externaltools.gnu-tools-for-stm32.10.3-2021.10.win32_1.0.100.202210260954/tools/bin/../lib/gcc/arm-none-eabi/10.3.1/../../../../arm-none-eabi/lib/thumb/v7-m/nofp\libc_nano.a(lib_a-nano-reallocr.o)
                0x0000000008005778                _realloc_r
 .text._malloc_usable_size_r
                0x00000000080057d6       0x10 c:/st/stm32cubeide_1.11.0/stm32cubeide/plugins/com.st.stm32cube.ide.mcu.externaltools.gnu-tools-for-stm32.10.3-2021.10.win32_1.0.100.202210260954/tools/bin/../lib/gcc/arm-none-eabi/10.3.1/../../../../arm-none-eabi/lib/thumb/v7-m/nofp\libc_nano.a(lib_a-nano-msizer.o)
                0x00000000080057d6                _malloc_usable_size_r
 *(.glue_7)
 .glue_7        0x00000000080057e6        0x0 linker stubs
 *(.glue_7t)
 .glue_7t       0x00000000080057e6        0x0 linker stubs
 *(.eh_frame)
 *fill*         0x00000000080057e6        0x2 
 .eh_frame      0x00000000080057e8        0x0 c:/st/stm32cubeide_1.11.0/stm32cubeide/plugins/com.st.stm32cube.ide.mcu.externaltools.gnu-tools-for-stm32.10.3-2021.10.win32_1.0.100.202210260954/tools/bin/../lib/gcc/arm-none-eabi/10.3.1/thumb/v7-m/nofp/crtbegin.o
 *(.init)
 .init          0x00000000080057e8        0x4 c:/st/stm32cubeide_1.11.0/stm32cubeide/plugins/com.st.stm32cube.ide.mcu.externaltools.gnu-tools-for-stm32.10.3-2021.10.win32_1.0.100.202210260954/tools/bin/../lib/gcc/arm-none-eabi/10.3.1/thumb/v7-m/nofp/crti.o
                0x00000000080057e8                _init
 .init          0x00000000080057ec        0x8 c:/st/stm32cubeide_1.11.0/stm32cubeide/plugins/com.st.stm32cube.ide.mcu.externaltools.gnu-tools-for-stm32.10.3-2021.10.win32_1.0.100.202210260954/tools/bin/../lib/gcc/arm-none-eabi/10.3.1/thumb/v7-m/nofp/crtn.o
 *(.fini)
 .fini          0x00000000080057f4        0x4 c:/st/stm32cubeide_1.11.0/stm32cubeide/plugins/com.st.stm32cube.ide.mcu.externaltools.gnu-tools-for-stm32.10.3-2021.10.win32_1.0.100.202210260954/tools/bin/../lib/gcc/arm-none-eabi/10.3.1/thumb/v7-m/nofp/crti.o
                0x00000000080057f4                _fini
 .fini          0x00000000080057f8        0x8 c:/st/stm32cubeide_1.11.0/stm32cubeide/plugins/com.st.stm32cube.ide.mcu.externaltools.gnu-tools-for-stm32.10.3-2021.10.win32_1.0.100.202210260954/tools/bin/../lib/gcc/arm-none-eabi/10.3.1/thumb/v7-m/nofp/crtn.o
                0x0000000008005800                . = ALIGN (0x4)
                0x0000000008005800                _etext = .

.vfp11_veneer   0x0000000008005800        0x0
 .vfp11_veneer  0x0000000008005800        0x0 linker stubs

.v4_bx          0x0000000008005800        0x0
 .v4_bx         0x0000000008005800        0x0 linker stubs

.iplt           0x0000000008005800        0x0
 .iplt          0x0000000008005800        0x0 c:/st/stm32cubeide_1.11.0/stm32cubeide/plugins/com.st.stm32cube.ide.mcu.externaltools.gnu-tools-for-stm32.10.3-2021.10.win32_1.0.100.202210260954/tools/bin/../lib/gcc/arm-none-eabi/10.3.1/thumb/v7-m/nofp/crtbegin.o

.rodata         0x0000000008005800      0xea0
                0x0000000008005800                . = ALIGN (0x4)
 *(.rodata)
 .rodata        0x0000000008005800       0x24 ./Core/Src/freertos.o
 .rodata        0x0000000008005824        0x5 ./Middlewares/Third_Party/FreeRTOS/Source/tasks.o
 *fill*         0x0000000008005829        0x3 
 .rodata        0x000000000800582c        0xd ./Middlewares/Third_Party/FreeRTOS/Source/timers.o
 *(.rodata*)
 *fill*         0x0000000008005839        0x3 
 .rodata.Font11x18
                0x000000000800583c      0xd5c ./Core/Src/fonts.o
                0x000000000800583c                Font11x18
 .rodata.defaultTask_attributes
                0x0000000008006598       0x24 ./Core/Src/freertos.o
                0x0000000008006598                defaultTask_attributes
 .rodata.Oled_Task_attributes
                0x00000000080065bc       0x24 ./Core/Src/freertos.o
                0x00000000080065bc                Oled_Task_attributes
 .rodata.AHBPrescTable
                0x00000000080065e0       0x10 ./Core/Src/system_stm32f1xx.o
                0x00000000080065e0                AHBPrescTable
 .rodata.APBPrescTable
                0x00000000080065f0        0x8 ./Core/Src/system_stm32f1xx.o
                0x00000000080065f0                APBPrescTable
 .rodata.aPLLMULFactorTable.1
                0x00000000080065f8       0x10 ./Drivers/STM32F1xx_HAL_Driver/Src/stm32f1xx_hal_rcc.o
 .rodata.aPredivFactorTable.0
                0x0000000008006608        0x2 ./Drivers/STM32F1xx_HAL_Driver/Src/stm32f1xx_hal_rcc.o
 *fill*         0x000000000800660a        0x2 
 .rodata.__sf_fake_stderr
                0x000000000800660c       0x20 c:/st/stm32cubeide_1.11.0/stm32cubeide/plugins/com.st.stm32cube.ide.mcu.externaltools.gnu-tools-for-stm32.10.3-2021.10.win32_1.0.100.202210260954/tools/bin/../lib/gcc/arm-none-eabi/10.3.1/../../../../arm-none-eabi/lib/thumb/v7-m/nofp\libc_nano.a(lib_a-findfp.o)
                0x000000000800660c                __sf_fake_stderr
 .rodata.__sf_fake_stdin
                0x000000000800662c       0x20 c:/st/stm32cubeide_1.11.0/stm32cubeide/plugins/com.st.stm32cube.ide.mcu.externaltools.gnu-tools-for-stm32.10.3-2021.10.win32_1.0.100.202210260954/tools/bin/../lib/gcc/arm-none-eabi/10.3.1/../../../../arm-none-eabi/lib/thumb/v7-m/nofp\libc_nano.a(lib_a-findfp.o)
                0x000000000800662c                __sf_fake_stdin
 .rodata.__sf_fake_stdout
                0x000000000800664c       0x20 c:/st/stm32cubeide_1.11.0/stm32cubeide/plugins/com.st.stm32cube.ide.mcu.externaltools.gnu-tools-for-stm32.10.3-2021.10.win32_1.0.100.202210260954/tools/bin/../lib/gcc/arm-none-eabi/10.3.1/../../../../arm-none-eabi/lib/thumb/v7-m/nofp\libc_nano.a(lib_a-findfp.o)
                0x000000000800664c                __sf_fake_stdout
 .rodata._svfprintf_r.str1.1
                0x000000000800666c       0x11 c:/st/stm32cubeide_1.11.0/stm32cubeide/plugins/com.st.stm32cube.ide.mcu.externaltools.gnu-tools-for-stm32.10.3-2021.10.win32_1.0.100.202210260954/tools/bin/../lib/gcc/arm-none-eabi/10.3.1/../../../../arm-none-eabi/lib/thumb/v7-m/nofp\libc_nano.a(lib_a-nano-svfprintf.o)
 .rodata._printf_i.str1.1
                0x000000000800667d       0x22 c:/st/stm32cubeide_1.11.0/stm32cubeide/plugins/com.st.stm32cube.ide.mcu.externaltools.gnu-tools-for-stm32.10.3-2021.10.win32_1.0.100.202210260954/tools/bin/../lib/gcc/arm-none-eabi/10.3.1/../../../../arm-none-eabi/lib/thumb/v7-m/nofp\libc_nano.a(lib_a-nano-vfprintf_i.o)
                0x00000000080066a0                . = ALIGN (0x4)
 *fill*         0x000000000800669f        0x1 

.rel.dyn        0x00000000080066a0        0x0
 .rel.iplt      0x00000000080066a0        0x0 c:/st/stm32cubeide_1.11.0/stm32cubeide/plugins/com.st.stm32cube.ide.mcu.externaltools.gnu-tools-for-stm32.10.3-2021.10.win32_1.0.100.202210260954/tools/bin/../lib/gcc/arm-none-eabi/10.3.1/thumb/v7-m/nofp/crtbegin.o

.ARM.extab      0x00000000080066a0        0x0
                0x00000000080066a0                . = ALIGN (0x4)
 *(.ARM.extab* .gnu.linkonce.armextab.*)
                0x00000000080066a0                . = ALIGN (0x4)

.ARM            0x00000000080066a0        0x0
                0x00000000080066a0                . = ALIGN (0x4)
                0x00000000080066a0                __exidx_start = .
 *(.ARM.exidx*)
                0x00000000080066a0                __exidx_end = .
                0x00000000080066a0                . = ALIGN (0x4)

.preinit_array  0x00000000080066a0        0x0
                0x00000000080066a0                . = ALIGN (0x4)
                0x00000000080066a0                PROVIDE (__preinit_array_start = .)
 *(.preinit_array*)
                0x00000000080066a0                PROVIDE (__preinit_array_end = .)
                0x00000000080066a0                . = ALIGN (0x4)

.init_array     0x00000000080066a0        0x4
                0x00000000080066a0                . = ALIGN (0x4)
                0x00000000080066a0                PROVIDE (__init_array_start = .)
 *(SORT_BY_NAME(.init_array.*))
 *(.init_array*)
 .init_array    0x00000000080066a0        0x4 c:/st/stm32cubeide_1.11.0/stm32cubeide/plugins/com.st.stm32cube.ide.mcu.externaltools.gnu-tools-for-stm32.10.3-2021.10.win32_1.0.100.202210260954/tools/bin/../lib/gcc/arm-none-eabi/10.3.1/thumb/v7-m/nofp/crtbegin.o
                0x00000000080066a4                PROVIDE (__init_array_end = .)
                0x00000000080066a4                . = ALIGN (0x4)

.fini_array     0x00000000080066a4        0x4
                0x00000000080066a4                . = ALIGN (0x4)
                [!provide]                        PROVIDE (__fini_array_start = .)
 *(SORT_BY_NAME(.fini_array.*))
 *(.fini_array*)
 .fini_array    0x00000000080066a4        0x4 c:/st/stm32cubeide_1.11.0/stm32cubeide/plugins/com.st.stm32cube.ide.mcu.externaltools.gnu-tools-for-stm32.10.3-2021.10.win32_1.0.100.202210260954/tools/bin/../lib/gcc/arm-none-eabi/10.3.1/thumb/v7-m/nofp/crtbegin.o
                [!provide]                        PROVIDE (__fini_array_end = .)
                0x00000000080066a8                . = ALIGN (0x4)
                0x00000000080066a8                _sidata = LOADADDR (.data)

.data           0x0000000020000000       0x7c load address 0x00000000080066a8
                0x0000000020000000                . = ALIGN (0x4)
                0x0000000020000000                _sdata = .
 *(.data)
 *(.data*)
 .data.Font_11x18
                0x0000000020000000        0x8 ./Core/Src/fonts.o
                0x0000000020000000                Font_11x18
 .data.SystemCoreClock
                0x0000000020000008        0x4 ./Core/Src/system_stm32f1xx.o
                0x0000000020000008                SystemCoreClock
 .data.uwTickPrio
                0x000000002000000c        0x4 ./Drivers/STM32F1xx_HAL_Driver/Src/stm32f1xx_hal.o
                0x000000002000000c                uwTickPrio
 .data.uwTickFreq
                0x0000000020000010        0x1 ./Drivers/STM32F1xx_HAL_Driver/Src/stm32f1xx_hal.o
                0x0000000020000010                uwTickFreq
 *fill*         0x0000000020000011        0x3 
 .data.uxCriticalNesting
                0x0000000020000014        0x4 ./Middlewares/Third_Party/FreeRTOS/Source/portable/GCC/ARM_CM3/port.o
 .data._impure_ptr
                0x0000000020000018        0x4 c:/st/stm32cubeide_1.11.0/stm32cubeide/plugins/com.st.stm32cube.ide.mcu.externaltools.gnu-tools-for-stm32.10.3-2021.10.win32_1.0.100.202210260954/tools/bin/../lib/gcc/arm-none-eabi/10.3.1/../../../../arm-none-eabi/lib/thumb/v7-m/nofp\libc_nano.a(lib_a-impure.o)
                0x0000000020000018                _impure_ptr
 .data.impure_data
                0x000000002000001c       0x60 c:/st/stm32cubeide_1.11.0/stm32cubeide/plugins/com.st.stm32cube.ide.mcu.externaltools.gnu-tools-for-stm32.10.3-2021.10.win32_1.0.100.202210260954/tools/bin/../lib/gcc/arm-none-eabi/10.3.1/../../../../arm-none-eabi/lib/thumb/v7-m/nofp\libc_nano.a(lib_a-impure.o)
 *(.RamFunc)
 *(.RamFunc*)
                0x000000002000007c                . = ALIGN (0x4)
                0x000000002000007c                _edata = .

.igot.plt       0x000000002000007c        0x0 load address 0x0000000008006724
 .igot.plt      0x000000002000007c        0x0 c:/st/stm32cubeide_1.11.0/stm32cubeide/plugins/com.st.stm32cube.ide.mcu.externaltools.gnu-tools-for-stm32.10.3-2021.10.win32_1.0.100.202210260954/tools/bin/../lib/gcc/arm-none-eabi/10.3.1/thumb/v7-m/nofp/crtbegin.o
                0x000000002000007c                . = ALIGN (0x4)

.bss            0x000000002000007c     0x1eb4 load address 0x0000000008006724
                0x000000002000007c                _sbss = .
                0x000000002000007c                __bss_start__ = _sbss
 *(.bss)
 .bss           0x000000002000007c       0x1c c:/st/stm32cubeide_1.11.0/stm32cubeide/plugins/com.st.stm32cube.ide.mcu.externaltools.gnu-tools-for-stm32.10.3-2021.10.win32_1.0.100.202210260954/tools/bin/../lib/gcc/arm-none-eabi/10.3.1/thumb/v7-m/nofp/crtbegin.o
 *(.bss*)
 .bss.buff      0x0000000020000098       0x14 ./Core/Src/freertos.o
                0x0000000020000098                buff
 .bss.defaultTaskHandle
                0x00000000200000ac        0x4 ./Core/Src/freertos.o
                0x00000000200000ac                defaultTaskHandle
 .bss.Oled_TaskHandle
                0x00000000200000b0        0x4 ./Core/Src/freertos.o
                0x00000000200000b0                Oled_TaskHandle
 .bss.hi2c1     0x00000000200000b4       0x54 ./Core/Src/i2c.o
                0x00000000200000b4                hi2c1
 .bss.SSD1306_Buffer
                0x0000000020000108      0x400 ./Core/Src/ssd1306.o
 .bss.SSD1306   0x0000000020000508        0x6 ./Core/Src/ssd1306.o
 *fill*         0x000000002000050e        0x2 
 .bss.__sbrk_heap_end
                0x0000000020000510        0x4 ./Core/Src/sysmem.o
 .bss.uwTick    0x0000000020000514        0x4 ./Drivers/STM32F1xx_HAL_Driver/Src/stm32f1xx_hal.o
                0x0000000020000514                uwTick
 .bss.KernelState
                0x0000000020000518        0x4 ./Middlewares/Third_Party/FreeRTOS/Source/CMSIS_RTOS_V2/cmsis_os2.o
 .bss.Idle_TCB  0x000000002000051c       0xbc ./Middlewares/Third_Party/FreeRTOS/Source/CMSIS_RTOS_V2/cmsis_os2.o
 .bss.Idle_Stack
                0x00000000200005d8      0x200 ./Middlewares/Third_Party/FreeRTOS/Source/CMSIS_RTOS_V2/cmsis_os2.o
 .bss.Timer_TCB
                0x00000000200007d8       0xbc ./Middlewares/Third_Party/FreeRTOS/Source/CMSIS_RTOS_V2/cmsis_os2.o
 .bss.Timer_Stack
                0x0000000020000894      0x400 ./Middlewares/Third_Party/FreeRTOS/Source/CMSIS_RTOS_V2/cmsis_os2.o
 .bss.xQueueRegistry
                0x0000000020000c94       0x40 ./Middlewares/Third_Party/FreeRTOS/Source/queue.o
                0x0000000020000c94                xQueueRegistry
 .bss.pxCurrentTCB
                0x0000000020000cd4        0x4 ./Middlewares/Third_Party/FreeRTOS/Source/tasks.o
                0x0000000020000cd4                pxCurrentTCB
 .bss.pxReadyTasksLists
                0x0000000020000cd8      0x460 ./Middlewares/Third_Party/FreeRTOS/Source/tasks.o
 .bss.xDelayedTaskList1
                0x0000000020001138       0x14 ./Middlewares/Third_Party/FreeRTOS/Source/tasks.o
 .bss.xDelayedTaskList2
                0x000000002000114c       0x14 ./Middlewares/Third_Party/FreeRTOS/Source/tasks.o
 .bss.pxDelayedTaskList
                0x0000000020001160        0x4 ./Middlewares/Third_Party/FreeRTOS/Source/tasks.o
 .bss.pxOverflowDelayedTaskList
                0x0000000020001164        0x4 ./Middlewares/Third_Party/FreeRTOS/Source/tasks.o
 .bss.xPendingReadyList
                0x0000000020001168       0x14 ./Middlewares/Third_Party/FreeRTOS/Source/tasks.o
 .bss.xTasksWaitingTermination
                0x000000002000117c       0x14 ./Middlewares/Third_Party/FreeRTOS/Source/tasks.o
 .bss.uxDeletedTasksWaitingCleanUp
                0x0000000020001190        0x4 ./Middlewares/Third_Party/FreeRTOS/Source/tasks.o
 .bss.xSuspendedTaskList
                0x0000000020001194       0x14 ./Middlewares/Third_Party/FreeRTOS/Source/tasks.o
 .bss.uxCurrentNumberOfTasks
                0x00000000200011a8        0x4 ./Middlewares/Third_Party/FreeRTOS/Source/tasks.o
 .bss.xTickCount
                0x00000000200011ac        0x4 ./Middlewares/Third_Party/FreeRTOS/Source/tasks.o
 .bss.uxTopReadyPriority
                0x00000000200011b0        0x4 ./Middlewares/Third_Party/FreeRTOS/Source/tasks.o
 .bss.xSchedulerRunning
                0x00000000200011b4        0x4 ./Middlewares/Third_Party/FreeRTOS/Source/tasks.o
 .bss.uxPendedTicks
                0x00000000200011b8        0x4 ./Middlewares/Third_Party/FreeRTOS/Source/tasks.o
 .bss.xYieldPending
                0x00000000200011bc        0x4 ./Middlewares/Third_Party/FreeRTOS/Source/tasks.o
 .bss.xNumOfOverflows
                0x00000000200011c0        0x4 ./Middlewares/Third_Party/FreeRTOS/Source/tasks.o
 .bss.uxTaskNumber
                0x00000000200011c4        0x4 ./Middlewares/Third_Party/FreeRTOS/Source/tasks.o
 .bss.xNextTaskUnblockTime
                0x00000000200011c8        0x4 ./Middlewares/Third_Party/FreeRTOS/Source/tasks.o
 .bss.xIdleTaskHandle
                0x00000000200011cc        0x4 ./Middlewares/Third_Party/FreeRTOS/Source/tasks.o
 .bss.uxSchedulerSuspended
                0x00000000200011d0        0x4 ./Middlewares/Third_Party/FreeRTOS/Source/tasks.o
 .bss.xActiveTimerList1
                0x00000000200011d4       0x14 ./Middlewares/Third_Party/FreeRTOS/Source/timers.o
 .bss.xActiveTimerList2
                0x00000000200011e8       0x14 ./Middlewares/Third_Party/FreeRTOS/Source/timers.o
 .bss.pxCurrentTimerList
                0x00000000200011fc        0x4 ./Middlewares/Third_Party/FreeRTOS/Source/timers.o
 .bss.pxOverflowTimerList
                0x0000000020001200        0x4 ./Middlewares/Third_Party/FreeRTOS/Source/timers.o
 .bss.xTimerQueue
                0x0000000020001204        0x4 ./Middlewares/Third_Party/FreeRTOS/Source/timers.o
 .bss.xTimerTaskHandle
                0x0000000020001208        0x4 ./Middlewares/Third_Party/FreeRTOS/Source/timers.o
 .bss.xLastTime.2
                0x000000002000120c        0x4 ./Middlewares/Third_Party/FreeRTOS/Source/timers.o
 .bss.ucStaticTimerQueueStorage.1
                0x0000000020001210       0xa0 ./Middlewares/Third_Party/FreeRTOS/Source/timers.o
 .bss.xStaticTimerQueue.0
                0x00000000200012b0       0x50 ./Middlewares/Third_Party/FreeRTOS/Source/timers.o
 .bss.ucMaxSysCallPriority
                0x0000000020001300        0x1 ./Middlewares/Third_Party/FreeRTOS/Source/portable/GCC/ARM_CM3/port.o
 *fill*         0x0000000020001301        0x3 
 .bss.ulMaxPRIGROUPValue
                0x0000000020001304        0x4 ./Middlewares/Third_Party/FreeRTOS/Source/portable/GCC/ARM_CM3/port.o
 .bss.ucHeap    0x0000000020001308      0xc00 ./Middlewares/Third_Party/FreeRTOS/Source/portable/MemMang/heap_4.o
 .bss.xStart    0x0000000020001f08        0x8 ./Middlewares/Third_Party/FreeRTOS/Source/portable/MemMang/heap_4.o
 .bss.pxEnd     0x0000000020001f10        0x4 ./Middlewares/Third_Party/FreeRTOS/Source/portable/MemMang/heap_4.o
 .bss.xFreeBytesRemaining
                0x0000000020001f14        0x4 ./Middlewares/Third_Party/FreeRTOS/Source/portable/MemMang/heap_4.o
 .bss.xMinimumEverFreeBytesRemaining
                0x0000000020001f18        0x4 ./Middlewares/Third_Party/FreeRTOS/Source/portable/MemMang/heap_4.o
 .bss.xBlockAllocatedBit
                0x0000000020001f1c        0x4 ./Middlewares/Third_Party/FreeRTOS/Source/portable/MemMang/heap_4.o
 .bss.__lock___malloc_recursive_mutex
                0x0000000020001f20        0x1 c:/st/stm32cubeide_1.11.0/stm32cubeide/plugins/com.st.stm32cube.ide.mcu.externaltools.gnu-tools-for-stm32.10.3-2021.10.win32_1.0.100.202210260954/tools/bin/../lib/gcc/arm-none-eabi/10.3.1/../../../../arm-none-eabi/lib/thumb/v7-m/nofp\libc_nano.a(lib_a-lock.o)
                0x0000000020001f20                __lock___malloc_recursive_mutex
 *fill*         0x0000000020001f21        0x3 
 .bss.__malloc_free_list
                0x0000000020001f24        0x4 c:/st/stm32cubeide_1.11.0/stm32cubeide/plugins/com.st.stm32cube.ide.mcu.externaltools.gnu-tools-for-stm32.10.3-2021.10.win32_1.0.100.202210260954/tools/bin/../lib/gcc/arm-none-eabi/10.3.1/../../../../arm-none-eabi/lib/thumb/v7-m/nofp\libc_nano.a(lib_a-nano-mallocr.o)
                0x0000000020001f24                __malloc_free_list
 .bss.__malloc_sbrk_start
                0x0000000020001f28        0x4 c:/st/stm32cubeide_1.11.0/stm32cubeide/plugins/com.st.stm32cube.ide.mcu.externaltools.gnu-tools-for-stm32.10.3-2021.10.win32_1.0.100.202210260954/tools/bin/../lib/gcc/arm-none-eabi/10.3.1/../../../../arm-none-eabi/lib/thumb/v7-m/nofp\libc_nano.a(lib_a-nano-mallocr.o)
                0x0000000020001f28                __malloc_sbrk_start
 .bss.errno     0x0000000020001f2c        0x4 c:/st/stm32cubeide_1.11.0/stm32cubeide/plugins/com.st.stm32cube.ide.mcu.externaltools.gnu-tools-for-stm32.10.3-2021.10.win32_1.0.100.202210260954/tools/bin/../lib/gcc/arm-none-eabi/10.3.1/../../../../arm-none-eabi/lib/thumb/v7-m/nofp\libc_nano.a(lib_a-reent.o)
                0x0000000020001f2c                errno
 *(COMMON)
                0x0000000020001f30                . = ALIGN (0x4)
                0x0000000020001f30                _ebss = .
                0x0000000020001f30                __bss_end__ = _ebss

._user_heap_stack
                0x0000000020001f30      0x600 load address 0x0000000008006724
                0x0000000020001f30                . = ALIGN (0x8)
                [!provide]                        PROVIDE (end = .)
                0x0000000020001f30                PROVIDE (_end = .)
                0x0000000020002130                . = (. + _Min_Heap_Size)
 *fill*         0x0000000020001f30      0x200 
                0x0000000020002530                . = (. + _Min_Stack_Size)
 *fill*         0x0000000020002130      0x400 
                0x0000000020002530                . = ALIGN (0x8)

/DISCARD/
 libc.a(*)
 libm.a(*)
 libgcc.a(*)

.ARM.attributes
                0x0000000000000000       0x29
 *(.ARM.attributes)
 .ARM.attributes
                0x0000000000000000       0x1d c:/st/stm32cubeide_1.11.0/stm32cubeide/plugins/com.st.stm32cube.ide.mcu.externaltools.gnu-tools-for-stm32.10.3-2021.10.win32_1.0.100.202210260954/tools/bin/../lib/gcc/arm-none-eabi/10.3.1/thumb/v7-m/nofp/crti.o
 .ARM.attributes
                0x000000000000001d       0x2d c:/st/stm32cubeide_1.11.0/stm32cubeide/plugins/com.st.stm32cube.ide.mcu.externaltools.gnu-tools-for-stm32.10.3-2021.10.win32_1.0.100.202210260954/tools/bin/../lib/gcc/arm-none-eabi/10.3.1/thumb/v7-m/nofp/crtbegin.o
 .ARM.attributes
                0x000000000000004a       0x2d ./Core/Src/fonts.o
 .ARM.attributes
                0x0000000000000077       0x2d ./Core/Src/freertos.o
 .ARM.attributes
                0x00000000000000a4       0x2d ./Core/Src/gpio.o
 .ARM.attributes
                0x00000000000000d1       0x2d ./Core/Src/i2c.o
 .ARM.attributes
                0x00000000000000fe       0x2d ./Core/Src/main.o
 .ARM.attributes
                0x000000000000012b       0x2d ./Core/Src/ssd1306.o
 .ARM.attributes
                0x0000000000000158       0x2d ./Core/Src/stm32f1xx_hal_msp.o
 .ARM.attributes
                0x0000000000000185       0x2d ./Core/Src/stm32f1xx_it.o
 .ARM.attributes
                0x00000000000001b2       0x2d ./Core/Src/sysmem.o
 .ARM.attributes
                0x00000000000001df       0x2d ./Core/Src/system_stm32f1xx.o
 .ARM.attributes
                0x000000000000020c       0x21 ./Core/Startup/startup_stm32f103c8tx.o
 .ARM.attributes
                0x000000000000022d       0x2d ./Drivers/STM32F1xx_HAL_Driver/Src/stm32f1xx_hal.o
 .ARM.attributes
                0x000000000000025a       0x2d ./Drivers/STM32F1xx_HAL_Driver/Src/stm32f1xx_hal_cortex.o
 .ARM.attributes
                0x0000000000000287       0x2d ./Drivers/STM32F1xx_HAL_Driver/Src/stm32f1xx_hal_gpio.o
 .ARM.attributes
                0x00000000000002b4       0x2d ./Drivers/STM32F1xx_HAL_Driver/Src/stm32f1xx_hal_i2c.o
 .ARM.attributes
                0x00000000000002e1       0x2d ./Drivers/STM32F1xx_HAL_Driver/Src/stm32f1xx_hal_rcc.o
 .ARM.attributes
                0x000000000000030e       0x2d ./Middlewares/Third_Party/FreeRTOS/Source/CMSIS_RTOS_V2/cmsis_os2.o
 .ARM.attributes
                0x000000000000033b       0x2d ./Middlewares/Third_Party/FreeRTOS/Source/list.o
 .ARM.attributes
                0x0000000000000368       0x2d ./Middlewares/Third_Party/FreeRTOS/Source/queue.o
 .ARM.attributes
                0x0000000000000395       0x2d ./Middlewares/Third_Party/FreeRTOS/Source/tasks.o
 .ARM.attributes
                0x00000000000003c2       0x2d ./Middlewares/Third_Party/FreeRTOS/Source/timers.o
 .ARM.attributes
                0x00000000000003ef       0x2d ./Middlewares/Third_Party/FreeRTOS/Source/portable/GCC/ARM_CM3/port.o
 .ARM.attributes
                0x000000000000041c       0x2d ./Middlewares/Third_Party/FreeRTOS/Source/portable/MemMang/heap_4.o
 .ARM.attributes
                0x0000000000000449       0x2d c:/st/stm32cubeide_1.11.0/stm32cubeide/plugins/com.st.stm32cube.ide.mcu.externaltools.gnu-tools-for-stm32.10.3-2021.10.win32_1.0.100.202210260954/tools/bin/../lib/gcc/arm-none-eabi/10.3.1/../../../../arm-none-eabi/lib/thumb/v7-m/nofp\libc_nano.a(lib_a-errno.o)
 .ARM.attributes
                0x0000000000000476       0x2d c:/st/stm32cubeide_1.11.0/stm32cubeide/plugins/com.st.stm32cube.ide.mcu.externaltools.gnu-tools-for-stm32.10.3-2021.10.win32_1.0.100.202210260954/tools/bin/../lib/gcc/arm-none-eabi/10.3.1/../../../../arm-none-eabi/lib/thumb/v7-m/nofp\libc_nano.a(lib_a-findfp.o)
 .ARM.attributes
                0x00000000000004a3       0x2d c:/st/stm32cubeide_1.11.0/stm32cubeide/plugins/com.st.stm32cube.ide.mcu.externaltools.gnu-tools-for-stm32.10.3-2021.10.win32_1.0.100.202210260954/tools/bin/../lib/gcc/arm-none-eabi/10.3.1/../../../../arm-none-eabi/lib/thumb/v7-m/nofp\libc_nano.a(lib_a-impure.o)
 .ARM.attributes
                0x00000000000004d0       0x2d c:/st/stm32cubeide_1.11.0/stm32cubeide/plugins/com.st.stm32cube.ide.mcu.externaltools.gnu-tools-for-stm32.10.3-2021.10.win32_1.0.100.202210260954/tools/bin/../lib/gcc/arm-none-eabi/10.3.1/../../../../arm-none-eabi/lib/thumb/v7-m/nofp\libc_nano.a(lib_a-init.o)
 .ARM.attributes
                0x00000000000004fd       0x2d c:/st/stm32cubeide_1.11.0/stm32cubeide/plugins/com.st.stm32cube.ide.mcu.externaltools.gnu-tools-for-stm32.10.3-2021.10.win32_1.0.100.202210260954/tools/bin/../lib/gcc/arm-none-eabi/10.3.1/../../../../arm-none-eabi/lib/thumb/v7-m/nofp\libc_nano.a(lib_a-lock.o)
 .ARM.attributes
                0x000000000000052a       0x2d c:/st/stm32cubeide_1.11.0/stm32cubeide/plugins/com.st.stm32cube.ide.mcu.externaltools.gnu-tools-for-stm32.10.3-2021.10.win32_1.0.100.202210260954/tools/bin/../lib/gcc/arm-none-eabi/10.3.1/../../../../arm-none-eabi/lib/thumb/v7-m/nofp\libc_nano.a(lib_a-memcpy-stub.o)
 .ARM.attributes
                0x0000000000000557       0x2d c:/st/stm32cubeide_1.11.0/stm32cubeide/plugins/com.st.stm32cube.ide.mcu.externaltools.gnu-tools-for-stm32.10.3-2021.10.win32_1.0.100.202210260954/tools/bin/../lib/gcc/arm-none-eabi/10.3.1/../../../../arm-none-eabi/lib/thumb/v7-m/nofp\libc_nano.a(lib_a-memset.o)
 .ARM.attributes
                0x0000000000000584       0x2d c:/st/stm32cubeide_1.11.0/stm32cubeide/plugins/com.st.stm32cube.ide.mcu.externaltools.gnu-tools-for-stm32.10.3-2021.10.win32_1.0.100.202210260954/tools/bin/../lib/gcc/arm-none-eabi/10.3.1/../../../../arm-none-eabi/lib/thumb/v7-m/nofp\libc_nano.a(lib_a-nano-mallocr.o)
 .ARM.attributes
                0x00000000000005b1       0x2d c:/st/stm32cubeide_1.11.0/stm32cubeide/plugins/com.st.stm32cube.ide.mcu.externaltools.gnu-tools-for-stm32.10.3-2021.10.win32_1.0.100.202210260954/tools/bin/../lib/gcc/arm-none-eabi/10.3.1/../../../../arm-none-eabi/lib/thumb/v7-m/nofp\libc_nano.a(lib_a-reent.o)
 .ARM.attributes
                0x00000000000005de       0x2d c:/st/stm32cubeide_1.11.0/stm32cubeide/plugins/com.st.stm32cube.ide.mcu.externaltools.gnu-tools-for-stm32.10.3-2021.10.win32_1.0.100.202210260954/tools/bin/../lib/gcc/arm-none-eabi/10.3.1/../../../../arm-none-eabi/lib/thumb/v7-m/nofp\libc_nano.a(lib_a-sbrkr.o)
 .ARM.attributes
                0x000000000000060b       0x2d c:/st/stm32cubeide_1.11.0/stm32cubeide/plugins/com.st.stm32cube.ide.mcu.externaltools.gnu-tools-for-stm32.10.3-2021.10.win32_1.0.100.202210260954/tools/bin/../lib/gcc/arm-none-eabi/10.3.1/../../../../arm-none-eabi/lib/thumb/v7-m/nofp\libc_nano.a(lib_a-sprintf.o)
 .ARM.attributes
                0x0000000000000638       0x2d c:/st/stm32cubeide_1.11.0/stm32cubeide/plugins/com.st.stm32cube.ide.mcu.externaltools.gnu-tools-for-stm32.10.3-2021.10.win32_1.0.100.202210260954/tools/bin/../lib/gcc/arm-none-eabi/10.3.1/../../../../arm-none-eabi/lib/thumb/v7-m/nofp\libc_nano.a(lib_a-mlock.o)
 .ARM.attributes
                0x0000000000000665       0x2d c:/st/stm32cubeide_1.11.0/stm32cubeide/plugins/com.st.stm32cube.ide.mcu.externaltools.gnu-tools-for-stm32.10.3-2021.10.win32_1.0.100.202210260954/tools/bin/../lib/gcc/arm-none-eabi/10.3.1/../../../../arm-none-eabi/lib/thumb/v7-m/nofp\libc_nano.a(lib_a-nano-freer.o)
 .ARM.attributes
                0x0000000000000692       0x2d c:/st/stm32cubeide_1.11.0/stm32cubeide/plugins/com.st.stm32cube.ide.mcu.externaltools.gnu-tools-for-stm32.10.3-2021.10.win32_1.0.100.202210260954/tools/bin/../lib/gcc/arm-none-eabi/10.3.1/../../../../arm-none-eabi/lib/thumb/v7-m/nofp\libc_nano.a(lib_a-nano-svfprintf.o)
 .ARM.attributes
                0x00000000000006bf       0x2d c:/st/stm32cubeide_1.11.0/stm32cubeide/plugins/com.st.stm32cube.ide.mcu.externaltools.gnu-tools-for-stm32.10.3-2021.10.win32_1.0.100.202210260954/tools/bin/../lib/gcc/arm-none-eabi/10.3.1/../../../../arm-none-eabi/lib/thumb/v7-m/nofp\libc_nano.a(lib_a-nano-vfprintf_i.o)
 .ARM.attributes
                0x00000000000006ec       0x2d c:/st/stm32cubeide_1.11.0/stm32cubeide/plugins/com.st.stm32cube.ide.mcu.externaltools.gnu-tools-for-stm32.10.3-2021.10.win32_1.0.100.202210260954/tools/bin/../lib/gcc/arm-none-eabi/10.3.1/../../../../arm-none-eabi/lib/thumb/v7-m/nofp\libc_nano.a(lib_a-memchr-stub.o)
 .ARM.attributes
                0x0000000000000719       0x2d c:/st/stm32cubeide_1.11.0/stm32cubeide/plugins/com.st.stm32cube.ide.mcu.externaltools.gnu-tools-for-stm32.10.3-2021.10.win32_1.0.100.202210260954/tools/bin/../lib/gcc/arm-none-eabi/10.3.1/../../../../arm-none-eabi/lib/thumb/v7-m/nofp\libc_nano.a(lib_a-memmove.o)
 .ARM.attributes
                0x0000000000000746       0x2d c:/st/stm32cubeide_1.11.0/stm32cubeide/plugins/com.st.stm32cube.ide.mcu.externaltools.gnu-tools-for-stm32.10.3-2021.10.win32_1.0.100.202210260954/tools/bin/../lib/gcc/arm-none-eabi/10.3.1/../../../../arm-none-eabi/lib/thumb/v7-m/nofp\libc_nano.a(lib_a-nano-reallocr.o)
 .ARM.attributes
                0x0000000000000773       0x2d c:/st/stm32cubeide_1.11.0/stm32cubeide/plugins/com.st.stm32cube.ide.mcu.externaltools.gnu-tools-for-stm32.10.3-2021.10.win32_1.0.100.202210260954/tools/bin/../lib/gcc/arm-none-eabi/10.3.1/../../../../arm-none-eabi/lib/thumb/v7-m/nofp\libc_nano.a(lib_a-nano-msizer.o)
 .ARM.attributes
                0x00000000000007a0       0x1d c:/st/stm32cubeide_1.11.0/stm32cubeide/plugins/com.st.stm32cube.ide.mcu.externaltools.gnu-tools-for-stm32.10.3-2021.10.win32_1.0.100.202210260954/tools/bin/../lib/gcc/arm-none-eabi/10.3.1/thumb/v7-m/nofp/crtn.o
OUTPUT(oled.elf elf32-littlearm)
LOAD linker stubs
LOAD c:/st/stm32cubeide_1.11.0/stm32cubeide/plugins/com.st.stm32cube.ide.mcu.externaltools.gnu-tools-for-stm32.10.3-2021.10.win32_1.0.100.202210260954/tools/bin/../lib/gcc/arm-none-eabi/10.3.1/../../../../arm-none-eabi/lib/thumb/v7-m/nofp\libc.a
LOAD c:/st/stm32cubeide_1.11.0/stm32cubeide/plugins/com.st.stm32cube.ide.mcu.externaltools.gnu-tools-for-stm32.10.3-2021.10.win32_1.0.100.202210260954/tools/bin/../lib/gcc/arm-none-eabi/10.3.1/../../../../arm-none-eabi/lib/thumb/v7-m/nofp\libm.a
LOAD c:/st/stm32cubeide_1.11.0/stm32cubeide/plugins/com.st.stm32cube.ide.mcu.externaltools.gnu-tools-for-stm32.10.3-2021.10.win32_1.0.100.202210260954/tools/bin/../lib/gcc/arm-none-eabi/10.3.1/thumb/v7-m/nofp\libgcc.a

.debug_info     0x0000000000000000    0x12669
 .debug_info    0x0000000000000000      0x27a ./Core/Src/fonts.o
 .debug_info    0x000000000000027a      0x53c ./Core/Src/freertos.o
 .debug_info    0x00000000000007b6      0x180 ./Core/Src/gpio.o
 .debug_info    0x0000000000000936      0x860 ./Core/Src/i2c.o
 .debug_info    0x0000000000001196      0x370 ./Core/Src/main.o
 .debug_info    0x0000000000001506     0x1117 ./Core/Src/ssd1306.o
 .debug_info    0x000000000000261d      0x2f0 ./Core/Src/stm32f1xx_hal_msp.o
 .debug_info    0x000000000000290d      0x126 ./Core/Src/stm32f1xx_it.o
 .debug_info    0x0000000000002a33      0x171 ./Core/Src/sysmem.o
 .debug_info    0x0000000000002ba4      0x23d ./Core/Src/system_stm32f1xx.o
 .debug_info    0x0000000000002de1       0x22 ./Core/Startup/startup_stm32f103c8tx.o
 .debug_info    0x0000000000002e03      0x734 ./Drivers/STM32F1xx_HAL_Driver/Src/stm32f1xx_hal.o
 .debug_info    0x0000000000003537      0xb20 ./Drivers/STM32F1xx_HAL_Driver/Src/stm32f1xx_hal_cortex.o
 .debug_info    0x0000000000004057      0x615 ./Drivers/STM32F1xx_HAL_Driver/Src/stm32f1xx_hal_gpio.o
 .debug_info    0x000000000000466c     0x2761 ./Drivers/STM32F1xx_HAL_Driver/Src/stm32f1xx_hal_i2c.o
 .debug_info    0x0000000000006dcd      0x865 ./Drivers/STM32F1xx_HAL_Driver/Src/stm32f1xx_hal_rcc.o
 .debug_info    0x0000000000007632     0x4300 ./Middlewares/Third_Party/FreeRTOS/Source/CMSIS_RTOS_V2/cmsis_os2.o
 .debug_info    0x000000000000b932      0x2cb ./Middlewares/Third_Party/FreeRTOS/Source/list.o
 .debug_info    0x000000000000bbfd     0x1bf9 ./Middlewares/Third_Party/FreeRTOS/Source/queue.o
 .debug_info    0x000000000000d7f6     0x2a28 ./Middlewares/Third_Party/FreeRTOS/Source/tasks.o
 .debug_info    0x000000000001021e     0x1bac ./Middlewares/Third_Party/FreeRTOS/Source/timers.o
 .debug_info    0x0000000000011dca      0x4b7 ./Middlewares/Third_Party/FreeRTOS/Source/portable/GCC/ARM_CM3/port.o
 .debug_info    0x0000000000012281      0x3e8 ./Middlewares/Third_Party/FreeRTOS/Source/portable/MemMang/heap_4.o

.debug_abbrev   0x0000000000000000     0x2df7
 .debug_abbrev  0x0000000000000000      0x111 ./Core/Src/fonts.o
 .debug_abbrev  0x0000000000000111      0x18b ./Core/Src/freertos.o
 .debug_abbrev  0x000000000000029c       0xc2 ./Core/Src/gpio.o
 .debug_abbrev  0x000000000000035e      0x1ce ./Core/Src/i2c.o
 .debug_abbrev  0x000000000000052c      0x1af ./Core/Src/main.o
 .debug_abbrev  0x00000000000006db      0x2f8 ./Core/Src/ssd1306.o
 .debug_abbrev  0x00000000000009d3      0x103 ./Core/Src/stm32f1xx_hal_msp.o
 .debug_abbrev  0x0000000000000ad6       0xab ./Core/Src/stm32f1xx_it.o
 .debug_abbrev  0x0000000000000b81       0xbb ./Core/Src/sysmem.o
 .debug_abbrev  0x0000000000000c3c      0x13b ./Core/Src/system_stm32f1xx.o
 .debug_abbrev  0x0000000000000d77       0x12 ./Core/Startup/startup_stm32f103c8tx.o
 .debug_abbrev  0x0000000000000d89      0x1fb ./Drivers/STM32F1xx_HAL_Driver/Src/stm32f1xx_hal.o
 .debug_abbrev  0x0000000000000f84      0x2ed ./Drivers/STM32F1xx_HAL_Driver/Src/stm32f1xx_hal_cortex.o
 .debug_abbrev  0x0000000000001271      0x1bb ./Drivers/STM32F1xx_HAL_Driver/Src/stm32f1xx_hal_gpio.o
 .debug_abbrev  0x000000000000142c      0x288 ./Drivers/STM32F1xx_HAL_Driver/Src/stm32f1xx_hal_i2c.o
 .debug_abbrev  0x00000000000016b4      0x2a8 ./Drivers/STM32F1xx_HAL_Driver/Src/stm32f1xx_hal_rcc.o
 .debug_abbrev  0x000000000000195c      0x446 ./Middlewares/Third_Party/FreeRTOS/Source/CMSIS_RTOS_V2/cmsis_os2.o
 .debug_abbrev  0x0000000000001da2       0xf2 ./Middlewares/Third_Party/FreeRTOS/Source/list.o
 .debug_abbrev  0x0000000000001e94      0x3ba ./Middlewares/Third_Party/FreeRTOS/Source/queue.o
 .debug_abbrev  0x000000000000224e      0x3f3 ./Middlewares/Third_Party/FreeRTOS/Source/tasks.o
 .debug_abbrev  0x0000000000002641      0x360 ./Middlewares/Third_Party/FreeRTOS/Source/timers.o
 .debug_abbrev  0x00000000000029a1      0x257 ./Middlewares/Third_Party/FreeRTOS/Source/portable/GCC/ARM_CM3/port.o
 .debug_abbrev  0x0000000000002bf8      0x1ff ./Middlewares/Third_Party/FreeRTOS/Source/portable/MemMang/heap_4.o

.debug_aranges  0x0000000000000000      0xf78
 .debug_aranges
                0x0000000000000000       0x20 ./Core/Src/fonts.o
 .debug_aranges
                0x0000000000000020       0x30 ./Core/Src/freertos.o
 .debug_aranges
                0x0000000000000050       0x20 ./Core/Src/gpio.o
 .debug_aranges
                0x0000000000000070       0x30 ./Core/Src/i2c.o
 .debug_aranges
                0x00000000000000a0       0x30 ./Core/Src/main.o
 .debug_aranges
                0x00000000000000d0       0xf8 ./Core/Src/ssd1306.o
 .debug_aranges
                0x00000000000001c8       0x20 ./Core/Src/stm32f1xx_hal_msp.o
 .debug_aranges
                0x00000000000001e8       0x50 ./Core/Src/stm32f1xx_it.o
 .debug_aranges
                0x0000000000000238       0x20 ./Core/Src/sysmem.o
 .debug_aranges
                0x0000000000000258       0x28 ./Core/Src/system_stm32f1xx.o
 .debug_aranges
                0x0000000000000280       0x28 ./Core/Startup/startup_stm32f103c8tx.o
 .debug_aranges
                0x00000000000002a8       0xe0 ./Drivers/STM32F1xx_HAL_Driver/Src/stm32f1xx_hal.o
 .debug_aranges
                0x0000000000000388      0x100 ./Drivers/STM32F1xx_HAL_Driver/Src/stm32f1xx_hal_cortex.o
 .debug_aranges
                0x0000000000000488       0x58 ./Drivers/STM32F1xx_HAL_Driver/Src/stm32f1xx_hal_gpio.o
 .debug_aranges
                0x00000000000004e0      0x2a8 ./Drivers/STM32F1xx_HAL_Driver/Src/stm32f1xx_hal_i2c.o
 .debug_aranges
                0x0000000000000788       0x90 ./Drivers/STM32F1xx_HAL_Driver/Src/stm32f1xx_hal_rcc.o
 .debug_aranges
                0x0000000000000818      0x228 ./Middlewares/Third_Party/FreeRTOS/Source/CMSIS_RTOS_V2/cmsis_os2.o
 .debug_aranges
                0x0000000000000a40       0x40 ./Middlewares/Third_Party/FreeRTOS/Source/list.o
 .debug_aranges
                0x0000000000000a80      0x158 ./Middlewares/Third_Party/FreeRTOS/Source/queue.o
 .debug_aranges
                0x0000000000000bd8      0x1f8 ./Middlewares/Third_Party/FreeRTOS/Source/tasks.o
 .debug_aranges
                0x0000000000000dd0       0xe0 ./Middlewares/Third_Party/FreeRTOS/Source/timers.o
 .debug_aranges
                0x0000000000000eb0       0x78 ./Middlewares/Third_Party/FreeRTOS/Source/portable/GCC/ARM_CM3/port.o
 .debug_aranges
                0x0000000000000f28       0x50 ./Middlewares/Third_Party/FreeRTOS/Source/portable/MemMang/heap_4.o

.debug_ranges   0x0000000000000000      0xe28
 .debug_ranges  0x0000000000000000       0x10 ./Core/Src/fonts.o
 .debug_ranges  0x0000000000000010       0x20 ./Core/Src/freertos.o
 .debug_ranges  0x0000000000000030       0x10 ./Core/Src/gpio.o
 .debug_ranges  0x0000000000000040       0x20 ./Core/Src/i2c.o
 .debug_ranges  0x0000000000000060       0x20 ./Core/Src/main.o
 .debug_ranges  0x0000000000000080       0xe8 ./Core/Src/ssd1306.o
 .debug_ranges  0x0000000000000168       0x10 ./Core/Src/stm32f1xx_hal_msp.o
 .debug_ranges  0x0000000000000178       0x40 ./Core/Src/stm32f1xx_it.o
 .debug_ranges  0x00000000000001b8       0x10 ./Core/Src/sysmem.o
 .debug_ranges  0x00000000000001c8       0x18 ./Core/Src/system_stm32f1xx.o
 .debug_ranges  0x00000000000001e0       0x20 ./Core/Startup/startup_stm32f103c8tx.o
 .debug_ranges  0x0000000000000200       0xd0 ./Drivers/STM32F1xx_HAL_Driver/Src/stm32f1xx_hal.o
 .debug_ranges  0x00000000000002d0       0xf0 ./Drivers/STM32F1xx_HAL_Driver/Src/stm32f1xx_hal_cortex.o
 .debug_ranges  0x00000000000003c0       0x48 ./Drivers/STM32F1xx_HAL_Driver/Src/stm32f1xx_hal_gpio.o
 .debug_ranges  0x0000000000000408      0x2b0 ./Drivers/STM32F1xx_HAL_Driver/Src/stm32f1xx_hal_i2c.o
 .debug_ranges  0x00000000000006b8       0x80 ./Drivers/STM32F1xx_HAL_Driver/Src/stm32f1xx_hal_rcc.o
 .debug_ranges  0x0000000000000738      0x218 ./Middlewares/Third_Party/FreeRTOS/Source/CMSIS_RTOS_V2/cmsis_os2.o
 .debug_ranges  0x0000000000000950       0x30 ./Middlewares/Third_Party/FreeRTOS/Source/list.o
 .debug_ranges  0x0000000000000980      0x148 ./Middlewares/Third_Party/FreeRTOS/Source/queue.o
 .debug_ranges  0x0000000000000ac8      0x1e8 ./Middlewares/Third_Party/FreeRTOS/Source/tasks.o
 .debug_ranges  0x0000000000000cb0       0xd0 ./Middlewares/Third_Party/FreeRTOS/Source/timers.o
 .debug_ranges  0x0000000000000d80       0x68 ./Middlewares/Third_Party/FreeRTOS/Source/portable/GCC/ARM_CM3/port.o
 .debug_ranges  0x0000000000000de8       0x40 ./Middlewares/Third_Party/FreeRTOS/Source/portable/MemMang/heap_4.o

.debug_macro    0x0000000000000000    0x19803
 .debug_macro   0x0000000000000000      0x266 ./Core/Src/fonts.o
 .debug_macro   0x0000000000000266      0xa6c ./Core/Src/fonts.o
 .debug_macro   0x0000000000000cd2      0x215 ./Core/Src/fonts.o
 .debug_macro   0x0000000000000ee7       0x2e ./Core/Src/fonts.o
 .debug_macro   0x0000000000000f15       0x22 ./Core/Src/fonts.o
 .debug_macro   0x0000000000000f37       0x22 ./Core/Src/fonts.o
 .debug_macro   0x0000000000000f59       0x8e ./Core/Src/fonts.o
 .debug_macro   0x0000000000000fe7       0x51 ./Core/Src/fonts.o
 .debug_macro   0x0000000000001038      0x103 ./Core/Src/fonts.o
 .debug_macro   0x000000000000113b       0x6a ./Core/Src/fonts.o
 .debug_macro   0x00000000000011a5      0x1df ./Core/Src/fonts.o
 .debug_macro   0x0000000000001384       0x1c ./Core/Src/fonts.o
 .debug_macro   0x00000000000013a0       0x22 ./Core/Src/fonts.o
 .debug_macro   0x00000000000013c2       0xbd ./Core/Src/fonts.o
 .debug_macro   0x000000000000147f      0xd23 ./Core/Src/fonts.o
 .debug_macro   0x00000000000021a2     0xe09e ./Core/Src/fonts.o
 .debug_macro   0x0000000000010240       0x6d ./Core/Src/fonts.o
 .debug_macro   0x00000000000102ad     0x348d ./Core/Src/fonts.o
 .debug_macro   0x000000000001373a      0x174 ./Core/Src/fonts.o
 .debug_macro   0x00000000000138ae       0x5c ./Core/Src/fonts.o
 .debug_macro   0x000000000001390a      0x5bc ./Core/Src/fonts.o
 .debug_macro   0x0000000000013ec6      0x289 ./Core/Src/fonts.o
 .debug_macro   0x000000000001414f      0x1cb ./Core/Src/fonts.o
 .debug_macro   0x000000000001431a      0x114 ./Core/Src/fonts.o
 .debug_macro   0x000000000001442e      0x1b2 ./Core/Src/fonts.o
 .debug_macro   0x00000000000145e0       0x27 ./Core/Src/fonts.o
 .debug_macro   0x0000000000014607      0x136 ./Core/Src/fonts.o
 .debug_macro   0x000000000001473d      0x1bc ./Core/Src/fonts.o
 .debug_macro   0x00000000000148f9       0x34 ./Core/Src/fonts.o
 .debug_macro   0x000000000001492d       0x3c ./Core/Src/fonts.o
 .debug_macro   0x0000000000014969       0x57 ./Core/Src/fonts.o
 .debug_macro   0x00000000000149c0       0x87 ./Core/Src/fonts.o
 .debug_macro   0x0000000000014a47      0x240 ./Core/Src/fonts.o
 .debug_macro   0x0000000000014c87      0x287 ./Core/Src/fonts.o
 .debug_macro   0x0000000000014f0e      0x140 ./Core/Src/fonts.o
 .debug_macro   0x000000000001504e       0x83 ./Core/Src/fonts.o
 .debug_macro   0x00000000000150d1       0x52 ./Core/Src/fonts.o
 .debug_macro   0x0000000000015123       0x18 ./Core/Src/fonts.o
 .debug_macro   0x000000000001513b       0x3c ./Core/Src/fonts.o
 .debug_macro   0x0000000000015177       0x34 ./Core/Src/fonts.o
 .debug_macro   0x00000000000151ab       0x16 ./Core/Src/fonts.o
 .debug_macro   0x00000000000151c1       0x43 ./Core/Src/fonts.o
 .debug_macro   0x0000000000015204       0x34 ./Core/Src/fonts.o
 .debug_macro   0x0000000000015238       0x10 ./Core/Src/fonts.o
 .debug_macro   0x0000000000015248       0x58 ./Core/Src/fonts.o
 .debug_macro   0x00000000000152a0       0x71 ./Core/Src/fonts.o
 .debug_macro   0x0000000000015311       0x1c ./Core/Src/fonts.o
 .debug_macro   0x000000000001532d      0x12a ./Core/Src/fonts.o
 .debug_macro   0x0000000000015457      0x341 ./Core/Src/fonts.o
 .debug_macro   0x0000000000015798       0x10 ./Core/Src/fonts.o
 .debug_macro   0x00000000000157a8       0x35 ./Core/Src/fonts.o
 .debug_macro   0x00000000000157dd       0x20 ./Core/Src/fonts.o
 .debug_macro   0x00000000000157fd      0x410 ./Core/Src/freertos.o
 .debug_macro   0x0000000000015c0d      0x123 ./Core/Src/freertos.o
 .debug_macro   0x0000000000015d30      0x15a ./Core/Src/freertos.o
 .debug_macro   0x0000000000015e8a       0xc2 ./Core/Src/freertos.o
 .debug_macro   0x0000000000015f4c       0x10 ./Core/Src/freertos.o
 .debug_macro   0x0000000000015f5c       0x1f ./Core/Src/freertos.o
 .debug_macro   0x0000000000015f7b       0x10 ./Core/Src/freertos.o
 .debug_macro   0x0000000000015f8b      0x479 ./Core/Src/freertos.o
 .debug_macro   0x0000000000016404       0xb5 ./Core/Src/freertos.o
 .debug_macro   0x00000000000164b9       0x8c ./Core/Src/freertos.o
 .debug_macro   0x0000000000016545       0x5b ./Core/Src/freertos.o
 .debug_macro   0x00000000000165a0       0x74 ./Core/Src/freertos.o
 .debug_macro   0x0000000000016614       0xdd ./Core/Src/freertos.o
 .debug_macro   0x00000000000166f1       0x1c ./Core/Src/freertos.o
 .debug_macro   0x000000000001670d       0x10 ./Core/Src/freertos.o
 .debug_macro   0x000000000001671d       0x10 ./Core/Src/freertos.o
 .debug_macro   0x000000000001672d       0x1c ./Core/Src/freertos.o
 .debug_macro   0x0000000000016749       0x52 ./Core/Src/freertos.o
 .debug_macro   0x000000000001679b       0x22 ./Core/Src/freertos.o
 .debug_macro   0x00000000000167bd       0x10 ./Core/Src/freertos.o
 .debug_macro   0x00000000000167cd       0x52 ./Core/Src/freertos.o
 .debug_macro   0x000000000001681f       0xd5 ./Core/Src/freertos.o
 .debug_macro   0x00000000000168f4       0x1c ./Core/Src/freertos.o
 .debug_macro   0x0000000000016910       0x3d ./Core/Src/freertos.o
 .debug_macro   0x000000000001694d       0x16 ./Core/Src/freertos.o
 .debug_macro   0x0000000000016963      0x145 ./Core/Src/freertos.o
 .debug_macro   0x0000000000016aa8       0x16 ./Core/Src/freertos.o
 .debug_macro   0x0000000000016abe       0x16 ./Core/Src/freertos.o
 .debug_macro   0x0000000000016ad4       0x16 ./Core/Src/freertos.o
 .debug_macro   0x0000000000016aea       0x29 ./Core/Src/freertos.o
 .debug_macro   0x0000000000016b13       0x1d ./Core/Src/freertos.o
 .debug_macro   0x0000000000016b30      0x1a2 ./Core/Src/gpio.o
 .debug_macro   0x0000000000016cd2      0x1a2 ./Core/Src/i2c.o
 .debug_macro   0x0000000000016e74      0x2c0 ./Core/Src/main.o
 .debug_macro   0x0000000000017134      0x123 ./Core/Src/main.o
 .debug_macro   0x0000000000017257      0x2f1 ./Core/Src/ssd1306.o
 .debug_macro   0x0000000000017548      0x198 ./Core/Src/stm32f1xx_hal_msp.o
 .debug_macro   0x00000000000176e0      0x2a7 ./Core/Src/stm32f1xx_it.o
 .debug_macro   0x0000000000017987       0xff ./Core/Src/sysmem.o
 .debug_macro   0x0000000000017a86      0x23b ./Core/Src/sysmem.o
 .debug_macro   0x0000000000017cc1      0x18e ./Core/Src/system_stm32f1xx.o
 .debug_macro   0x0000000000017e4f      0x1b2 ./Drivers/STM32F1xx_HAL_Driver/Src/stm32f1xx_hal.o
 .debug_macro   0x0000000000018001      0x18e ./Drivers/STM32F1xx_HAL_Driver/Src/stm32f1xx_hal_cortex.o
 .debug_macro   0x000000000001818f      0x1f9 ./Drivers/STM32F1xx_HAL_Driver/Src/stm32f1xx_hal_gpio.o
 .debug_macro   0x0000000000018388      0x1dc ./Drivers/STM32F1xx_HAL_Driver/Src/stm32f1xx_hal_i2c.o
 .debug_macro   0x0000000000018564      0x1a0 ./Drivers/STM32F1xx_HAL_Driver/Src/stm32f1xx_hal_rcc.o
 .debug_macro   0x0000000000018704      0x259 ./Middlewares/Third_Party/FreeRTOS/Source/CMSIS_RTOS_V2/cmsis_os2.o
 .debug_macro   0x000000000001895d       0x10 ./Middlewares/Third_Party/FreeRTOS/Source/CMSIS_RTOS_V2/cmsis_os2.o
 .debug_macro   0x000000000001896d       0xb7 ./Middlewares/Third_Party/FreeRTOS/Source/CMSIS_RTOS_V2/cmsis_os2.o
 .debug_macro   0x0000000000018a24       0x16 ./Middlewares/Third_Party/FreeRTOS/Source/CMSIS_RTOS_V2/cmsis_os2.o
 .debug_macro   0x0000000000018a3a       0x91 ./Middlewares/Third_Party/FreeRTOS/Source/CMSIS_RTOS_V2/cmsis_os2.o
 .debug_macro   0x0000000000018acb       0x8d ./Middlewares/Third_Party/FreeRTOS/Source/CMSIS_RTOS_V2/cmsis_os2.o
 .debug_macro   0x0000000000018b58       0x9a ./Middlewares/Third_Party/FreeRTOS/Source/CMSIS_RTOS_V2/cmsis_os2.o
 .debug_macro   0x0000000000018bf2      0x199 ./Middlewares/Third_Party/FreeRTOS/Source/list.o
 .debug_macro   0x0000000000018d8b      0x224 ./Middlewares/Third_Party/FreeRTOS/Source/queue.o
 .debug_macro   0x0000000000018faf      0x299 ./Middlewares/Third_Party/FreeRTOS/Source/tasks.o
 .debug_macro   0x0000000000019248       0x10 ./Middlewares/Third_Party/FreeRTOS/Source/tasks.o
 .debug_macro   0x0000000000019258      0x1dc ./Middlewares/Third_Party/FreeRTOS/Source/timers.o
 .debug_macro   0x0000000000019434      0x20f ./Middlewares/Third_Party/FreeRTOS/Source/portable/GCC/ARM_CM3/port.o
 .debug_macro   0x0000000000019643      0x1c0 ./Middlewares/Third_Party/FreeRTOS/Source/portable/MemMang/heap_4.o

.debug_line     0x0000000000000000    0x13597
 .debug_line    0x0000000000000000      0x7ad ./Core/Src/fonts.o
 .debug_line    0x00000000000007ad      0xa52 ./Core/Src/freertos.o
 .debug_line    0x00000000000011ff      0x644 ./Core/Src/gpio.o
 .debug_line    0x0000000000001843      0x6ad ./Core/Src/i2c.o
 .debug_line    0x0000000000001ef0      0x944 ./Core/Src/main.o
 .debug_line    0x0000000000002834      0xf81 ./Core/Src/ssd1306.o
 .debug_line    0x00000000000037b5      0x648 ./Core/Src/stm32f1xx_hal_msp.o
 .debug_line    0x0000000000003dfd      0x91c ./Core/Src/stm32f1xx_it.o
 .debug_line    0x0000000000004719      0x4f4 ./Core/Src/sysmem.o
 .debug_line    0x0000000000004c0d      0x6c6 ./Core/Src/system_stm32f1xx.o
 .debug_line    0x00000000000052d3       0x86 ./Core/Startup/startup_stm32f103c8tx.o
 .debug_line    0x0000000000005359      0x8f3 ./Drivers/STM32F1xx_HAL_Driver/Src/stm32f1xx_hal.o
 .debug_line    0x0000000000005c4c      0xadb ./Drivers/STM32F1xx_HAL_Driver/Src/stm32f1xx_hal_cortex.o
 .debug_line    0x0000000000006727      0x98c ./Drivers/STM32F1xx_HAL_Driver/Src/stm32f1xx_hal_gpio.o
 .debug_line    0x00000000000070b3     0x3a59 ./Drivers/STM32F1xx_HAL_Driver/Src/stm32f1xx_hal_i2c.o
 .debug_line    0x000000000000ab0c      0xcff ./Drivers/STM32F1xx_HAL_Driver/Src/stm32f1xx_hal_rcc.o
 .debug_line    0x000000000000b80b     0x2461 ./Middlewares/Third_Party/FreeRTOS/Source/CMSIS_RTOS_V2/cmsis_os2.o
 .debug_line    0x000000000000dc6c      0x711 ./Middlewares/Third_Party/FreeRTOS/Source/list.o
 .debug_line    0x000000000000e37d     0x16d4 ./Middlewares/Third_Party/FreeRTOS/Source/queue.o
 .debug_line    0x000000000000fa51     0x1d50 ./Middlewares/Third_Party/FreeRTOS/Source/tasks.o
 .debug_line    0x00000000000117a1      0xca4 ./Middlewares/Third_Party/FreeRTOS/Source/timers.o
 .debug_line    0x0000000000012445      0x87f ./Middlewares/Third_Party/FreeRTOS/Source/portable/GCC/ARM_CM3/port.o
 .debug_line    0x0000000000012cc4      0x8d3 ./Middlewares/Third_Party/FreeRTOS/Source/portable/MemMang/heap_4.o

.debug_str      0x0000000000000000    0x8cca0
 .debug_str     0x0000000000000000    0x7ef1f ./Core/Src/fonts.o
                                      0x7f288 (size before relaxing)
 .debug_str     0x000000000007ef1f     0x5ad8 ./Core/Src/freertos.o
                                      0x84d17 (size before relaxing)
 .debug_str     0x00000000000849f7       0x72 ./Core/Src/gpio.o
                                      0x7c40b (size before relaxing)
 .debug_str     0x0000000000084a69      0x4ee ./Core/Src/i2c.o
                                      0x7c96b (size before relaxing)
 .debug_str     0x0000000000084f57      0x1cd ./Core/Src/main.o
                                      0x816bc (size before relaxing)
 .debug_str     0x0000000000085124      0x4da ./Core/Src/ssd1306.o
                                      0x7fd55 (size before relaxing)
 .debug_str     0x00000000000855fe      0x2af ./Core/Src/stm32f1xx_hal_msp.o
                                      0x7c6ff (size before relaxing)
 .debug_str     0x00000000000858ad       0xd9 ./Core/Src/stm32f1xx_it.o
                                      0x816f3 (size before relaxing)
 .debug_str     0x0000000000085986      0x35a ./Core/Src/sysmem.o
                                       0x5d3e (size before relaxing)
 .debug_str     0x0000000000085ce0       0x7e ./Core/Src/system_stm32f1xx.o
                                      0x7c464 (size before relaxing)
 .debug_str     0x0000000000085d5e       0x36 ./Core/Startup/startup_stm32f103c8tx.o
                                         0x58 (size before relaxing)
 .debug_str     0x0000000000085d94      0x38e ./Drivers/STM32F1xx_HAL_Driver/Src/stm32f1xx_hal.o
                                      0x7cb97 (size before relaxing)
 .debug_str     0x0000000000086122      0x2bc ./Drivers/STM32F1xx_HAL_Driver/Src/stm32f1xx_hal_cortex.o
                                      0x7cae3 (size before relaxing)
 .debug_str     0x00000000000863de      0x346 ./Drivers/STM32F1xx_HAL_Driver/Src/stm32f1xx_hal_gpio.o
                                      0x7c7ea (size before relaxing)
 .debug_str     0x0000000000086724      0xba4 ./Drivers/STM32F1xx_HAL_Driver/Src/stm32f1xx_hal_i2c.o
                                      0x7d52b (size before relaxing)
 .debug_str     0x00000000000872c8      0x209 ./Drivers/STM32F1xx_HAL_Driver/Src/stm32f1xx_hal_rcc.o
                                      0x7c893 (size before relaxing)
 .debug_str     0x00000000000874d1     0x2f69 ./Middlewares/Third_Party/FreeRTOS/Source/CMSIS_RTOS_V2/cmsis_os2.o
                                       0xe469 (size before relaxing)
 .debug_str     0x000000000008a43a      0x139 ./Middlewares/Third_Party/FreeRTOS/Source/list.o
                                       0xa1f8 (size before relaxing)
 .debug_str     0x000000000008a573      0x86c ./Middlewares/Third_Party/FreeRTOS/Source/queue.o
                                       0xbbf2 (size before relaxing)
 .debug_str     0x000000000008addf     0x1104 ./Middlewares/Third_Party/FreeRTOS/Source/tasks.o
                                       0xcb1c (size before relaxing)
 .debug_str     0x000000000008bee3      0x515 ./Middlewares/Third_Party/FreeRTOS/Source/timers.o
                                       0xc425 (size before relaxing)
 .debug_str     0x000000000008c3f8      0x66e ./Middlewares/Third_Party/FreeRTOS/Source/portable/GCC/ARM_CM3/port.o
                                       0x9931 (size before relaxing)
 .debug_str     0x000000000008ca66      0x23a ./Middlewares/Third_Party/FreeRTOS/Source/portable/MemMang/heap_4.o
                                       0xa945 (size before relaxing)

.comment        0x0000000000000000       0x50
 .comment       0x0000000000000000       0x50 ./Core/Src/fonts.o
                                         0x51 (size before relaxing)
 .comment       0x0000000000000050       0x51 ./Core/Src/freertos.o